---
source: crates/runtime/tests/models/search.rs
description: "SELECT id, answer, trunc(_score, 3) FROM text_search(qs, 'second', answer) order by _score desc LIMIT 4"
---
+---------------+-----------------------------------------------------------------------------------------------------------------------------------------------------------------------------------------------------------------------------+
| plan_type     | plan                                                                                                                                                                                                                        |
+---------------+-----------------------------------------------------------------------------------------------------------------------------------------------------------------------------------------------------------------------------+
| logical_plan  | Projection: text_search(qs, Utf8("second"), answer).id, text_search(qs, Utf8("second"), answer).answer, trunc(text_search(qs, Utf8("second"), answer)._score,Int64(3))                                                      |
|               |   Sort: text_search(qs, Utf8("second"), answer)._score DESC NULLS FIRST, fetch=4                                                                                                                                            |
|               |     Projection: text_search(qs, Utf8("second"), answer).id, text_search(qs, Utf8("second"), answer).answer, trunc(text_search(qs, Utf8("second"), answer)._score, Int64(3)), text_search(qs, Utf8("second"), answer)._score |
|               |       SearchTelemetry                                                                                                                                                                                                       |
|               |         SubqueryAlias: text_search(qs, Utf8("second"), answer)                                                                                                                                                              |
|               |           Projection: search_index._score, base_table.answer, search_index.id, search_index.question, base_table.reference_answer, base_table.source, search_index.subject                                                  |
|               |             Sort: search_index._score DESC NULLS FIRST                                                                                                                                                                      |
|               |               Projection: search_index.id, search_index.question, search_index.subject, search_index._score, base_table.answer, base_table.reference_answer, base_table.source                                              |
|               |                 Left Join: search_index.id = base_table.id                                                                                                                                                                  |
|               |                   SubqueryAlias: search_index                                                                                                                                                                               |
|               |                     SubqueryAlias: search_index                                                                                                                                                                             |
|               |                       TableScan: full_text                                                                                                                                                                                  |
|               |                   Projection: base_table.answer, base_table.id, base_table.reference_answer, base_table.source                                                                                                              |
|               |                     TableScan: base_table projection=[answer, id, reference_answer, source]                                                                                                                                 |
| physical_plan | ProjectionExec: expr=[id@0 as id, answer@1 as answer, trunc(text_search(qs, Utf8("second"), answer)._score,Int64(3))@2 as trunc(text_search(qs, Utf8("second"), answer)._score,Int64(3))]                                   |
|               |   SortPreservingMergeExec: [_score@3 DESC], fetch=4                                                                                                                                                                         |
|               |     SortExec: TopK(fetch=4), expr=[_score@3 DESC], preserve_partitioning=[true]                                                                                                                                             |
|               |       ProjectionExec: expr=[id@2 as id, answer@1 as answer, trunc(_score@0, 3) as trunc(text_search(qs, Utf8("second"), answer)._score,Int64(3)), _score@0 as _score]                                                       |
|               |         SearchTelemetryExec                                                                                                                                                                                                 |
|               |           RepartitionExec: partitioning=RoundRobinBatch(3), input_partitions=1                                                                                                                                              |
|               |             ProjectionExec: expr=[_score@3 as _score, answer@4 as answer, id@0 as id, question@1 as question, reference_answer@5 as reference_answer, source@6 as source, subject@2 as subject]                             |
|               |               HashJoinExec: mode=CollectLeft, join_type=Left, accumulator=MinMaxLeftAccumulator, on=[(id@0, id@1)], projection=[id@0, question@1, subject@2, _score@3, answer@4, reference_answer@6, source@7]              |
|               |                 CooperativeExec                                                                                                                                                                                             |
|               |                   BytesProcessedExec                                                                                                                                                                                        |
|               |                     FullTextSearchTableExec q=second                                                                                                                                                                        |
|               |                 SchemaCastScanExec                                                                                                                                                                                          |
|               |                   BytesProcessedExec                                                                                                                                                                                        |
|               |                     DataSourceExec: partitions=1, partition_sizes=[1]                                                                                                                                                       |
|               |                                                                                                                                                                                                                             |
+---------------+-----------------------------------------------------------------------------------------------------------------------------------------------------------------------------------------------------------------------------+
