---
source: crates/runtime/tests/models/search.rs
expression: resp?
snapshot_kind: text
---
[
  {
    "id": 450,
    "answer": "The number of such 7-card hands is \\(\\boxed{C(13, 3) \\times (C(4, 2))^3 \\times 40}\\).",
    "array_length(vector_search(qs, Utf8(\"second\"), answer).answer_embedding)": 64,
    "round(vector_search(qs, Utf8(\"second\"), answer).score,Int64(1))": 0.5
  },
  {
    "id": 831,
    "answer": "To find 15 more than -27, add 15 to -27:\n\\[ -27 + 15 = -12 \\]\nThe result is \\(\\boxed{-12}\\).",
    "array_length(vector_search(qs, Utf8(\"second\"), answer).answer_embedding)": 64,
    "round(vector_search(qs, Utf8(\"second\"), answer).score,Int64(1))": 0.5
  },
  {
    "id": 1152,
    "answer": "The smallest number in the book is typically $\\boxed{1}$, as counting books usually start from this number.",
    "array_length(vector_search(qs, Utf8(\"second\"), answer).answer_embedding)": 64,
    "round(vector_search(qs, Utf8(\"second\"), answer).score,Int64(1))": 0.5
  },
  {
    "id": 211,
    "answer": "\\[\n(2(-3))^2 - (2)^2 = (-6)^2 - 4 = 36 - 4 = \\boxed{32}\n\\]",
    "array_length(vector_search(qs, Utf8(\"second\"), answer).answer_embedding)": 64,
    "round(vector_search(qs, Utf8(\"second\"), answer).score,Int64(1))": 0.5
  }
]
