---
source: crates/runtime/tests/models/s3_vectors.rs
expression: formatted
---
+---------------------+----------------------------------------------+-------+---------------+---------------+
| account.account_sid | message.body                                 | score | attempt_count | customer_note |
+---------------------+----------------------------------------------+-------+---------------+---------------+
| AC5667891a600d4a2b  | Enjoy a 10% discount with promo code SAVE10! | 0.8   | 3             |               |
+---------------------+----------------------------------------------+-------+---------------+---------------+
