---
source: crates/runtime/benches/bench.rs
expression: records_pretty
---
+-----------------------+----------+---------------------------+
| sum(hits.AdvEngineID) | count(*) | avg(hits.ResolutionWidth) |
+-----------------------+----------+---------------------------+
| 7280088               | 99997497 | 1513.4879349030107        |
+-----------------------+----------+---------------------------+
