2026-09-08T01:18:45.943238Z  INFO spiced: Starting runtime v2.3.0-unstable-build.b286009302+models
2026-09-08T01:18:45.949543Z  INFO cpu_budget: CPU budget: 16 cores (source: the CPUs available to this process; host reports 16, declared CPU request unset, cgroup share unset, cgroup limit unset) → 16 main worker threads, 15 per dedicated runtime pool, 16 target partitions
2026-09-08T01:18:45.949622Z  INFO cpu_budget: CPU budget derived sizing: main_runtime_worker_threads=16, dedicated_runtime_worker_threads=15, target_partitions=16, scan_split_concurrency=16, vortex_parallelism=16, max_concurrent_queries=64, cayenne_encode_permits=12, cayenne_write_concurrency_ceiling=16, cayenne_compaction_permits=16, cayenne_upload_concurrency=16, cayenne_max_concurrent_file_scans=16, metastore_pool_connections=16, embedding_pool_threads=16, duckdb_threads=16, cluster_executor_concurrent_tasks=16
2026-09-08T01:18:45.953788Z  INFO runtime::builder: Vortex segment cache installed: 2048 MB shared across all Cayenne tables
2026-09-08T01:18:45.954609Z  INFO runtime::builder: Cayenne compaction memory pool not reserved: no acceleration can compact into it (needs a file acceleration mode, and a refresh_mode other than full — a whole-table replace leaves nothing to consolidate). Compaction, where it runs, accounts against the query pool instead.
2026-09-08T01:18:45.954921Z  INFO runtime::init::caching: Initialized sql results cache; max size: 128.00 MiB, item ttl: 1s, hashing algorithm: XXH3, encoding: none
2026-09-08T01:18:45.955102Z  INFO runtime::init::caching: Initialized search results cache; max size: 128.00 MiB, item ttl: 1s, engine: Moka
2026-09-08T01:18:45.955156Z  INFO runtime::init::caching: Initialized embeddings cache; max size: 128.00 MiB, item ttl: 1s, engine: Moka
2026-09-08T01:18:45.955528Z  INFO runtime::datafusion::builder: runtime.query.max_concurrent_queries not set; sized from the CPU budget max_concurrent_queries=64
2026-09-08T01:18:45.955612Z  INFO runtime::datafusion::builder: Cayenne acceleration is active but runtime.query.temp_directory is unset: large analytical queries spill to the OS temp directory. If your data is on a separate volume (e.g. EBS) and the root volume is small, set runtime.query.temp_directory to a path with ample free space so large queries can spill instead of failing.
2026-09-08T01:18:45.955626Z  INFO runtime::datafusion::builder: runtime.query.target_partitions not set; sized from the CPU budget target_partitions=16
2026-09-08T01:18:45.955633Z  INFO runtime::datafusion::builder: runtime.query.eager_aggregation not set; defaulting to spiced default eager_aggregation=true
2026-09-08T01:18:45.958042Z  INFO runtime::datafusion: Cayenne global encode-concurrency budget active (caps aggregate write-encode shards across all tables) encode_budget=12
2026-09-08T01:18:45.958080Z  INFO runtime::datafusion: Cayenne adaptive query-admission throttle active (controller sheds concurrent queries when CDC is behind its freshness/lag SLO under CPU contention) max_concurrent_queries=64
2026-09-08T01:18:45.958093Z  INFO runtime::datafusion: Cayenne dynamic-tuning memory budget active (cgroup-aware) memory_budget=137438953472
2026-09-08T01:18:45.958114Z  INFO runtime::datafusion: Cayenne global PK keyset byte budget active (bounds the SUM of per-table keyset caches, which are sized independently) pk_keyset_budget_bytes=8589934592 total_memory=137438953472
2026-09-08T01:18:45.960129Z  INFO runtime::init::task_history: Task history enabled: retention_period=28800s, retention_check_interval=900s
2026-09-08T01:18:45.993832Z  INFO runtime::init::dataset: Dataset customers initializing...
2026-09-08T01:18:45.993842Z  INFO runtime::init::dataset: Dataset returns initializing...
2026-09-08T01:18:45.993832Z  INFO runtime::init::dataset: Loading datasets: 5 tasks dispatched, 0 skipped at accelerator init (of 5 total; localpod datasets may be chained).
2026-09-08T01:18:45.993833Z  INFO runtime::init::dataset: Dataset orders initializing...
2026-09-08T01:18:45.993865Z  INFO runtime::init::dataset: Dataset order_items initializing...
2026-09-08T01:18:45.993910Z  INFO runtime::init::dataset: Dataset articles initializing...
2026-09-08T01:18:46.158607Z  INFO runtime::flight: Spice Runtime Flight listening on 127.0.0.1:15052
2026-09-08T01:18:46.160640Z  INFO runtime::http: Spice Runtime HTTP listening on 127.0.0.1:18091
2026-09-08T01:18:46.605392Z  INFO spiced::acceleration::cayenne: Cayenne auto-tuned config: pk_keyset_cache=Some(4096)MB, target_file_size=256MB, upload_concurrency=16, write_concurrency_override=None, sort_columns=[], compression_strategy=Btrblocks, delta_encoding=auto, pk_conflict_detection=auto, deletion_mode=Auto, compaction_trigger_files=8, compaction_trigger_protected_snapshots=8, compaction_trigger_snapshot_age_ms=300000, compaction_max_levels=3, compaction_max_files_per_pick=32, compaction_background_interval_ms=0, inline_max_rows=1024, inline_max_bytes=1048576, inline_max_buffer_bytes=4194304, inline_flush_max_rows=10000, inline_flush_max_segments=64, inline_flush_max_bytes=8388608, cdc_durability=file, cdc_mem_tier_max_bytes=268435456, cdc_mem_tier_min_flush_bytes=33554432 table=orders cores=16 total_mem_mib=131072 data_storage=unknown metastore_storage=unknown runtime_footer_cache_mb=None tuning="auto" inferred_row_count=None inferred_table_bytes=None inferred_schema_present=false has_primary_key=false is_upsert=false
2026-09-08T01:18:46.611363Z  INFO spiced::acceleration::cayenne: Cayenne auto-tuned config: pk_keyset_cache=Some(4096)MB, target_file_size=256MB, upload_concurrency=16, write_concurrency_override=None, sort_columns=[], compression_strategy=Btrblocks, delta_encoding=auto, pk_conflict_detection=auto, deletion_mode=Auto, compaction_trigger_files=8, compaction_trigger_protected_snapshots=8, compaction_trigger_snapshot_age_ms=300000, compaction_max_levels=3, compaction_max_files_per_pick=32, compaction_background_interval_ms=0, inline_max_rows=1024, inline_max_bytes=1048576, inline_max_buffer_bytes=4194304, inline_flush_max_rows=10000, inline_flush_max_segments=64, inline_flush_max_bytes=8388608, cdc_durability=file, cdc_mem_tier_max_bytes=268435456, cdc_mem_tier_min_flush_bytes=33554432 table=returns cores=16 total_mem_mib=131072 data_storage=unknown metastore_storage=unknown runtime_footer_cache_mb=None tuning="auto" inferred_row_count=None inferred_table_bytes=None inferred_schema_present=false has_primary_key=false is_upsert=false
2026-09-08T01:18:46.619549Z  INFO spiced::acceleration::cayenne: Cayenne auto-tuned config: pk_keyset_cache=Some(4096)MB, target_file_size=256MB, upload_concurrency=16, write_concurrency_override=None, sort_columns=[], compression_strategy=Btrblocks, delta_encoding=auto, pk_conflict_detection=auto, deletion_mode=Auto, compaction_trigger_files=8, compaction_trigger_protected_snapshots=8, compaction_trigger_snapshot_age_ms=300000, compaction_max_levels=3, compaction_max_files_per_pick=32, compaction_background_interval_ms=0, inline_max_rows=1024, inline_max_bytes=1048576, inline_max_buffer_bytes=4194304, inline_flush_max_rows=10000, inline_flush_max_segments=64, inline_flush_max_bytes=8388608, cdc_durability=file, cdc_mem_tier_max_bytes=268435456, cdc_mem_tier_min_flush_bytes=33554432 table=order_items cores=16 total_mem_mib=131072 data_storage=unknown metastore_storage=unknown runtime_footer_cache_mb=None tuning="auto" inferred_row_count=None inferred_table_bytes=None inferred_schema_present=false has_primary_key=false is_upsert=false
2026-09-08T01:18:46.628641Z  INFO spiced::acceleration::cayenne: Cayenne auto-tuned config: pk_keyset_cache=Some(4096)MB, target_file_size=256MB, upload_concurrency=16, write_concurrency_override=None, sort_columns=[], compression_strategy=Btrblocks, delta_encoding=auto, pk_conflict_detection=auto, deletion_mode=Auto, compaction_trigger_files=8, compaction_trigger_protected_snapshots=8, compaction_trigger_snapshot_age_ms=300000, compaction_max_levels=3, compaction_max_files_per_pick=32, compaction_background_interval_ms=0, inline_max_rows=1024, inline_max_bytes=1048576, inline_max_buffer_bytes=4194304, inline_flush_max_rows=10000, inline_flush_max_segments=64, inline_flush_max_bytes=8388608, cdc_durability=file, cdc_mem_tier_max_bytes=268435456, cdc_mem_tier_min_flush_bytes=33554432 table=articles cores=16 total_mem_mib=131072 data_storage=unknown metastore_storage=unknown runtime_footer_cache_mb=None tuning="auto" inferred_row_count=None inferred_table_bytes=None inferred_schema_present=false has_primary_key=false is_upsert=false
2026-09-08T01:18:46.643147Z  WARN cayenne::cayenne_catalog: Configuration for table 'returns' has changed but the existing acceleration was not recreated. Changed fields: [schema: <changed>]. The acceleration will continue using the previously stored configuration. To apply the new configuration, delete the existing acceleration and restart. table="returns"
2026-09-08T01:18:46.643149Z  WARN cayenne::cayenne_catalog: Configuration for table 'orders' has changed but the existing acceleration was not recreated. Changed fields: [schema: <changed>]. The acceleration will continue using the previously stored configuration. To apply the new configuration, delete the existing acceleration and restart. table="orders"
2026-09-08T01:18:46.657985Z  INFO spiced::acceleration::cayenne: Cayenne auto-tuned config: pk_keyset_cache=Some(4096)MB, target_file_size=256MB, upload_concurrency=16, write_concurrency_override=None, sort_columns=[], compression_strategy=Btrblocks, delta_encoding=auto, pk_conflict_detection=auto, deletion_mode=Auto, compaction_trigger_files=8, compaction_trigger_protected_snapshots=8, compaction_trigger_snapshot_age_ms=300000, compaction_max_levels=3, compaction_max_files_per_pick=32, compaction_background_interval_ms=0, inline_max_rows=1024, inline_max_bytes=1048576, inline_max_buffer_bytes=4194304, inline_flush_max_rows=10000, inline_flush_max_segments=64, inline_flush_max_bytes=8388608, cdc_durability=file, cdc_mem_tier_max_bytes=268435456, cdc_mem_tier_min_flush_bytes=33554432 table=customers cores=16 total_mem_mib=131072 data_storage=unknown metastore_storage=unknown runtime_footer_cache_mb=None tuning="auto" inferred_row_count=None inferred_table_bytes=None inferred_schema_present=false has_primary_key=false is_upsert=false
2026-09-08T01:18:46.669430Z  INFO runtime::init::dataset: Dataset order_items registered (file://data/order_items.csv), acceleration (cayenne:file), results cache enabled. duration_ms=648
2026-09-08T01:18:46.669448Z  INFO runtime::init::dataset: Dataset articles registered (file://data/articles.csv), acceleration (cayenne:file), results cache enabled. duration_ms=648
2026-09-08T01:18:46.669462Z  INFO runtime::init::dataset: Dataset orders registered (file://data/orders.csv), acceleration (cayenne:file), results cache enabled. duration_ms=648
2026-09-08T01:18:46.669501Z  INFO runtime::init::dataset: Dataset returns registered (file://data/returns.csv), acceleration (cayenne:file), results cache enabled. duration_ms=648
2026-09-08T01:18:46.670244Z  INFO runtime::init::dataset: Dataset customers registered (file://data/customers.csv), acceleration (cayenne:file), results cache enabled. duration_ms=649
2026-09-08T01:18:46.670987Z  INFO runtime::datafusion: Initializing view paid_orders
2026-09-08T01:18:46.671185Z  INFO runtime::datafusion: Initializing view daily_sales
2026-09-08T01:18:46.671390Z  WARN runtime::datafusion: Dependent table paid_orders for view daily_sales does not exist, retrying...
2026-09-08T01:18:46.672118Z  INFO runtime::datafusion: View paid_orders registered.
2026-09-08T01:18:47.672232Z  INFO runtime::datafusion: Dependent table paid_orders for view daily_sales found
2026-09-08T01:18:47.673701Z  INFO runtime::datafusion: View daily_sales registered.
2026-09-08T01:18:47.688584Z  INFO runtime: All components are loaded. Spice runtime is ready!
2026-09-08T01:18:47.972147Z  INFO runtime: Shutdown initiated; waiting up to 30s for connections to drain
2026-09-08T01:18:47.979250Z  INFO spiced: Goodbye!
