2026-09-08T01:18:39.080476Z  INFO spiced: Starting runtime v2.3.0-unstable-build.b286009302+models
2026-09-08T01:18:39.087439Z  INFO cpu_budget: CPU budget: 16 cores (source: the CPUs available to this process; host reports 16, declared CPU request unset, cgroup share unset, cgroup limit unset) → 16 main worker threads, 15 per dedicated runtime pool, 16 target partitions
2026-09-08T01:18:39.087493Z  INFO cpu_budget: CPU budget derived sizing: main_runtime_worker_threads=16, dedicated_runtime_worker_threads=15, target_partitions=16, scan_split_concurrency=16, vortex_parallelism=16, max_concurrent_queries=64, cayenne_encode_permits=12, cayenne_write_concurrency_ceiling=16, cayenne_compaction_permits=16, cayenne_upload_concurrency=16, cayenne_max_concurrent_file_scans=16, metastore_pool_connections=16, embedding_pool_threads=16, duckdb_threads=16, cluster_executor_concurrent_tasks=16
2026-09-08T01:18:39.091273Z  INFO runtime::builder: Vortex segment cache installed: 2048 MB shared across all Cayenne tables
2026-09-08T01:18:39.091607Z  INFO runtime::init::caching: Initialized sql results cache; max size: 128.00 MiB, item ttl: 1s, hashing algorithm: XXH3, encoding: none
2026-09-08T01:18:39.091791Z  INFO runtime::init::caching: Initialized search results cache; max size: 128.00 MiB, item ttl: 1s, engine: Moka
2026-09-08T01:18:39.091845Z  INFO runtime::init::caching: Initialized embeddings cache; max size: 128.00 MiB, item ttl: 1s, engine: Moka
2026-09-08T01:18:39.092285Z  INFO runtime::datafusion::builder: runtime.query.max_concurrent_queries not set; sized from the CPU budget max_concurrent_queries=64
2026-09-08T01:18:39.092371Z  INFO runtime::datafusion::builder: runtime.query.target_partitions not set; sized from the CPU budget target_partitions=16
2026-09-08T01:18:39.092380Z  INFO runtime::datafusion::builder: runtime.query.eager_aggregation not set; defaulting to spiced default eager_aggregation=true
2026-09-08T01:18:39.095227Z  INFO runtime::datafusion: Cayenne global encode-concurrency budget active (caps aggregate write-encode shards across all tables) encode_budget=12
2026-09-08T01:18:39.095318Z  INFO runtime::datafusion: Cayenne adaptive query-admission throttle active (controller sheds concurrent queries when CDC is behind its freshness/lag SLO under CPU contention) max_concurrent_queries=64
2026-09-08T01:18:39.095343Z  INFO runtime::datafusion: Cayenne dynamic-tuning memory budget active (cgroup-aware) memory_budget=137438953472
2026-09-08T01:18:39.095373Z  INFO runtime::datafusion: Cayenne global PK keyset byte budget active (bounds the SUM of per-table keyset caches, which are sized independently) pk_keyset_budget_bytes=8589934592 total_memory=137438953472
2026-09-08T01:18:39.098050Z  INFO runtime::init::task_history: Task history enabled: retention_period=28800s, retention_check_interval=900s
2026-09-08T01:18:39.099041Z  INFO runtime::init::dataset: Dataset order_items initializing...
2026-09-08T01:18:39.099040Z  INFO runtime::init::dataset: Loading datasets: 5 tasks dispatched, 0 skipped at accelerator init (of 5 total; localpod datasets may be chained).
2026-09-08T01:18:39.099062Z  INFO runtime::init::dataset: Dataset customers initializing...
2026-09-08T01:18:39.099075Z  INFO runtime::init::dataset: Dataset orders initializing...
2026-09-08T01:18:39.099092Z  INFO runtime::init::dataset: Dataset returns initializing...
2026-09-08T01:18:39.099115Z  INFO runtime::init::dataset: Dataset articles initializing...
2026-09-08T01:18:39.118851Z  INFO runtime::init::dataset: Dataset orders registered (file://data/orders.csv), acceleration (arrow), results cache enabled. duration_ms=0
2026-09-08T01:18:39.118882Z  INFO runtime::init::dataset: Dataset order_items registered (file://data/order_items.csv), acceleration (arrow), results cache enabled. duration_ms=0
2026-09-08T01:18:39.118892Z  INFO runtime::init::dataset: Dataset customers registered (file://data/customers.csv), acceleration (arrow), results cache enabled. duration_ms=0
2026-09-08T01:18:39.119089Z  INFO runtime::init::dataset: Dataset returns registered (file://data/returns.csv), acceleration (arrow), results cache enabled. duration_ms=1
2026-09-08T01:18:39.119097Z  INFO runtime::init::dataset: Dataset articles registered (file://data/articles.csv), acceleration (arrow), results cache enabled. duration_ms=1
2026-09-08T01:18:39.119694Z  INFO runtime::datafusion: Initializing view paid_orders
2026-09-08T01:18:39.119853Z  INFO runtime::datafusion: Initializing view daily_sales
2026-09-08T01:18:39.120044Z  WARN runtime::datafusion: Dependent table paid_orders for view daily_sales does not exist, retrying...
2026-09-08T01:18:39.120086Z  INFO runtime_table::accelerated::refresh_task: Loading data for dataset returns
2026-09-08T01:18:39.120092Z  INFO runtime_table::accelerated::refresh_task: Loading data for dataset articles
2026-09-08T01:18:39.120109Z  INFO runtime_table::accelerated::refresh_task: Loading data for dataset customers
2026-09-08T01:18:39.120104Z  INFO runtime_table::accelerated::refresh_task: Loading data for dataset orders
2026-09-08T01:18:39.120094Z  INFO runtime_table::accelerated::refresh_task: Loading data for dataset order_items
2026-09-08T01:18:39.126863Z  INFO runtime_table::accelerated::refresh_task: Loaded 5 rows (3.58 kiB) for dataset customers in 6ms.
2026-09-08T01:18:39.126991Z  INFO runtime_table::accelerated::refresh_task: Loaded 6 rows (3.59 kiB) for dataset articles in 6ms.
2026-09-08T01:18:39.127441Z  INFO runtime_table::accelerated::refresh_task: Loaded 10 rows (2.04 kiB) for dataset order_items in 7ms.
2026-09-08T01:18:39.127616Z  INFO runtime_table::accelerated::refresh_task: Loaded 3 rows (512.00 B) for dataset returns in 7ms.
2026-09-08T01:18:39.128029Z  INFO runtime_table::accelerated::refresh_task: Loaded 8 rows (2.99 kiB) for dataset orders in 7ms.
2026-09-08T01:18:39.296454Z  INFO runtime::flight: Spice Runtime Flight listening on 127.0.0.1:15052
2026-09-08T01:18:39.298538Z  INFO runtime::http: Spice Runtime HTTP listening on 127.0.0.1:18091
2026-09-08T01:18:40.269630Z  INFO runtime::datafusion: View paid_orders registered.
2026-09-08T01:18:41.124379Z  INFO runtime::datafusion: Dependent table paid_orders for view daily_sales found
2026-09-08T01:18:41.125915Z  INFO runtime::datafusion: View daily_sales registered.
2026-09-08T01:18:41.157313Z  INFO runtime: All components are loaded. Spice runtime is ready!
2026-09-08T01:18:41.519302Z  INFO runtime: Shutdown initiated; waiting up to 30s for connections to drain
2026-09-08T01:18:41.533224Z  INFO spiced: Goodbye!
