2026-09-08T01:26:15.071257Z  INFO spiced: Starting runtime v2.3.0-unstable-build.b286009302+models
2026-09-08T01:26:15.077316Z  INFO cpu_budget: CPU budget: 16 cores (source: the CPUs available to this process; host reports 16, declared CPU request unset, cgroup share unset, cgroup limit unset) → 16 main worker threads, 15 per dedicated runtime pool, 16 target partitions
2026-09-08T01:26:15.077361Z  INFO cpu_budget: CPU budget derived sizing: main_runtime_worker_threads=16, dedicated_runtime_worker_threads=15, target_partitions=16, scan_split_concurrency=16, vortex_parallelism=16, max_concurrent_queries=64, cayenne_encode_permits=12, cayenne_write_concurrency_ceiling=16, cayenne_compaction_permits=16, cayenne_upload_concurrency=16, cayenne_max_concurrent_file_scans=16, metastore_pool_connections=16, embedding_pool_threads=16, duckdb_threads=16, cluster_executor_concurrent_tasks=16
2026-09-08T01:26:15.081134Z  INFO runtime::builder: Vortex segment cache installed: 2048 MB shared across all Cayenne tables
2026-09-08T01:26:15.081450Z  INFO runtime::init::caching: Initialized sql results cache; max size: 128.00 MiB, item ttl: 1s, hashing algorithm: XXH3, encoding: none
2026-09-08T01:26:15.081627Z  INFO runtime::init::caching: Initialized search results cache; max size: 128.00 MiB, item ttl: 1s, engine: Moka
2026-09-08T01:26:15.081682Z  INFO runtime::init::caching: Initialized embeddings cache; max size: 128.00 MiB, item ttl: 1s, engine: Moka
2026-09-08T01:26:15.082029Z  INFO runtime::datafusion::builder: runtime.query.max_concurrent_queries not set; sized from the CPU budget max_concurrent_queries=64
2026-09-08T01:26:15.082105Z  INFO runtime::datafusion::builder: runtime.query.target_partitions not set; sized from the CPU budget target_partitions=16
2026-09-08T01:26:15.082115Z  INFO runtime::datafusion::builder: runtime.query.eager_aggregation not set; defaulting to spiced default eager_aggregation=true
2026-09-08T01:26:15.084684Z  INFO runtime::datafusion: Cayenne global encode-concurrency budget active (caps aggregate write-encode shards across all tables) encode_budget=12
2026-09-08T01:26:15.084725Z  INFO runtime::datafusion: Cayenne adaptive query-admission throttle active (controller sheds concurrent queries when CDC is behind its freshness/lag SLO under CPU contention) max_concurrent_queries=64
2026-09-08T01:26:15.084739Z  INFO runtime::datafusion: Cayenne dynamic-tuning memory budget active (cgroup-aware) memory_budget=137438953472
2026-09-08T01:26:15.084765Z  INFO runtime::datafusion: Cayenne global PK keyset byte budget active (bounds the SUM of per-table keyset caches, which are sized independently) pk_keyset_budget_bytes=8589934592 total_memory=137438953472
2026-09-08T01:26:15.087163Z  INFO runtime::init::task_history: Task history enabled: retention_period=28800s, retention_check_interval=900s
2026-09-08T01:26:15.285766Z  INFO runtime::flight: Spice Runtime Flight listening on 127.0.0.1:15054
2026-09-08T01:26:15.287906Z  INFO runtime::http: Spice Runtime HTTP listening on 127.0.0.1:18093
2026-09-08T01:26:17.524846Z  INFO runtime::init::embedding: Embedding Model policy_embed ready
2026-09-08T01:26:17.525766Z  INFO runtime::init::dataset: Loading datasets: 5 tasks dispatched, 0 skipped at accelerator init (of 5 total; localpod datasets may be chained).
2026-09-08T01:26:17.525766Z  INFO runtime::init::dataset: Dataset order_items initializing...
2026-09-08T01:26:17.525766Z  INFO runtime::init::dataset: Dataset returns initializing...
2026-09-08T01:26:17.525809Z  INFO runtime::init::dataset: Dataset orders initializing...
2026-09-08T01:26:17.525778Z  INFO runtime::init::dataset: Dataset customers initializing...
2026-09-08T01:26:17.525765Z  INFO runtime::init::dataset: Dataset articles initializing...
2026-09-08T01:26:17.544348Z  INFO runtime::init::dataset: Dataset returns registered (file://data/returns.csv), results cache enabled. duration_ms=0
2026-09-08T01:26:17.544351Z  INFO runtime::init::dataset: Dataset orders registered (file://data/orders.csv), results cache enabled. duration_ms=0
2026-09-08T01:26:17.544352Z  INFO runtime::init::dataset: Dataset order_items registered (file://data/order_items.csv), results cache enabled. duration_ms=0
2026-09-08T01:26:17.544355Z  INFO runtime::init::dataset: Dataset customers registered (file://data/customers.csv), results cache enabled. duration_ms=0
2026-09-08T01:26:17.549173Z  INFO runtime::init::dataset: Dataset articles registered (file://data/articles.csv), acceleration (arrow), results cache enabled. duration_ms=1
2026-09-08T01:26:17.549737Z  INFO runtime::datafusion: Initializing view paid_orders
2026-09-08T01:26:17.549891Z  INFO runtime::datafusion: Initializing view daily_sales
2026-09-08T01:26:17.550080Z  WARN runtime::datafusion: Dependent table paid_orders for view daily_sales does not exist, retrying...
2026-09-08T01:26:17.550747Z  INFO runtime_table::accelerated::refresh_task: Loading data for dataset articles
2026-09-08T01:26:17.550787Z  INFO runtime::datafusion: View paid_orders registered.
2026-09-08T01:26:17.581024Z  INFO runtime_table::accelerated::refresh_task: Loaded 6 rows (9.79 kiB) for dataset articles in 30ms.
2026-09-08T01:26:18.551373Z  INFO runtime::datafusion: Dependent table paid_orders for view daily_sales found
2026-09-08T01:26:18.552789Z  INFO runtime::datafusion: View daily_sales registered.
2026-09-08T01:26:18.570121Z  INFO runtime: All components are loaded. Spice runtime is ready!
2026-09-08T01:26:47.527065Z  INFO runtime::init::dataset: Dataset load summary (after 30s): 6/6 ready, 0 unhealthy, 0 still initializing.
2026-09-08T02:42:22.735677Z  INFO runtime: Shutdown initiated; waiting up to 30s for connections to drain
2026-09-08T02:42:22.743026Z  INFO spiced: Goodbye!
