2026-09-08T02:43:41.790391Z  INFO spiced: Starting runtime v2.3.0-unstable-build.b286009302+models
2026-09-08T02:43:41.795455Z  INFO cpu_budget: CPU budget: 16 cores (source: the CPUs available to this process; host reports 16, declared CPU request unset, cgroup share unset, cgroup limit unset) → 16 main worker threads, 15 per dedicated runtime pool, 16 target partitions
2026-09-08T02:43:41.795513Z  INFO cpu_budget: CPU budget derived sizing: main_runtime_worker_threads=16, dedicated_runtime_worker_threads=15, target_partitions=16, scan_split_concurrency=16, vortex_parallelism=16, max_concurrent_queries=64, cayenne_encode_permits=12, cayenne_write_concurrency_ceiling=16, cayenne_compaction_permits=16, cayenne_upload_concurrency=16, cayenne_max_concurrent_file_scans=16, metastore_pool_connections=16, embedding_pool_threads=16, duckdb_threads=16, cluster_executor_concurrent_tasks=16
2026-09-08T02:43:41.799155Z  INFO runtime::builder: Vortex segment cache installed: 2048 MB shared across all Cayenne tables
2026-09-08T02:43:41.799452Z  INFO runtime::init::caching: Initialized sql results cache; max size: 128.00 MiB, item ttl: 1s, hashing algorithm: XXH3, encoding: none
2026-09-08T02:43:41.799615Z  INFO runtime::init::caching: Initialized search results cache; max size: 128.00 MiB, item ttl: 1s, engine: Moka
2026-09-08T02:43:41.799668Z  INFO runtime::init::caching: Initialized embeddings cache; max size: 128.00 MiB, item ttl: 1s, engine: Moka
2026-09-08T02:43:41.800036Z  INFO runtime::datafusion::builder: runtime.query.max_concurrent_queries not set; sized from the CPU budget max_concurrent_queries=64
2026-09-08T02:43:41.800116Z  INFO runtime::datafusion::builder: runtime.query.target_partitions not set; sized from the CPU budget target_partitions=16
2026-09-08T02:43:41.800125Z  INFO runtime::datafusion::builder: runtime.query.eager_aggregation not set; defaulting to spiced default eager_aggregation=true
2026-09-08T02:43:41.802607Z  INFO runtime::datafusion: Cayenne global encode-concurrency budget active (caps aggregate write-encode shards across all tables) encode_budget=12
2026-09-08T02:43:41.802648Z  INFO runtime::datafusion: Cayenne adaptive query-admission throttle active (controller sheds concurrent queries when CDC is behind its freshness/lag SLO under CPU contention) max_concurrent_queries=64
2026-09-08T02:43:41.802662Z  INFO runtime::datafusion: Cayenne dynamic-tuning memory budget active (cgroup-aware) memory_budget=137438953472
2026-09-08T02:43:41.802683Z  INFO runtime::datafusion: Cayenne global PK keyset byte budget active (bounds the SUM of per-table keyset caches, which are sized independently) pk_keyset_budget_bytes=8589934592 total_memory=137438953472
2026-09-08T02:43:41.805461Z  INFO runtime::init::task_history: Task history enabled: retention_period=28800s, retention_check_interval=900s
2026-09-08T02:43:42.004043Z  INFO runtime::flight: Spice Runtime Flight listening on 127.0.0.1:15055
2026-09-08T02:43:42.006109Z  INFO runtime::http: Spice Runtime HTTP listening on 127.0.0.1:18094
2026-09-08T02:43:42.330456Z  INFO runtime::init::embedding: Embedding Model policy_embed ready
2026-09-08T02:43:42.331380Z  INFO runtime::init::dataset: Loading datasets: 5 tasks dispatched, 0 skipped at accelerator init (of 5 total; localpod datasets may be chained).
2026-09-08T02:43:42.331382Z  INFO runtime::init::dataset: Dataset orders initializing...
2026-09-08T02:43:42.331437Z  INFO runtime::init::dataset: Dataset articles initializing...
2026-09-08T02:43:42.331400Z  INFO runtime::init::dataset: Dataset order_items initializing...
2026-09-08T02:43:42.331411Z  INFO runtime::init::dataset: Dataset returns initializing...
2026-09-08T02:43:42.331389Z  INFO runtime::init::dataset: Dataset customers initializing...
2026-09-08T02:43:42.349862Z  INFO runtime::init::dataset: Dataset order_items registered (file://data/order_items.csv), results cache enabled. duration_ms=0
2026-09-08T02:43:42.349862Z  INFO runtime::init::dataset: Dataset customers registered (file://data/customers.csv), results cache enabled. duration_ms=0
2026-09-08T02:43:42.349866Z  INFO runtime::init::dataset: Dataset orders registered (file://data/orders.csv), results cache enabled. duration_ms=0
2026-09-08T02:43:42.350090Z  INFO runtime::init::dataset: Dataset returns registered (file://data/returns.csv), results cache enabled. duration_ms=0
2026-09-08T02:43:42.352445Z  INFO runtime::init::dataset: Dataset articles registered (file://data/articles.csv), acceleration (arrow), results cache enabled. duration_ms=0
2026-09-08T02:43:42.353073Z  INFO runtime::datafusion: Initializing view paid_orders
2026-09-08T02:43:42.353224Z  INFO runtime::datafusion: Initializing view daily_sales
2026-09-08T02:43:42.353434Z  WARN runtime::datafusion: Dependent table paid_orders for view daily_sales does not exist, retrying...
2026-09-08T02:43:42.353878Z  INFO runtime_table::accelerated::refresh_task: Loading data for dataset articles
2026-09-08T02:43:42.354084Z  INFO runtime::datafusion: View paid_orders registered.
2026-09-08T02:43:42.379766Z  INFO runtime_table::accelerated::refresh_task: Loaded 6 rows (9.79 kiB) for dataset articles in 25ms.
2026-09-08T02:43:43.355133Z  INFO runtime::datafusion: Dependent table paid_orders for view daily_sales found
2026-09-08T02:43:43.356539Z  INFO runtime::datafusion: View daily_sales registered.
2026-09-08T02:43:43.370720Z  INFO runtime: All components are loaded. Spice runtime is ready!
2026-09-08T02:43:43.953992Z  INFO runtime: Shutdown initiated; waiting up to 30s for connections to drain
2026-09-08T02:43:43.959671Z  INFO spiced: Goodbye!
