2026-09-08T02:42:23.061157Z  INFO spiced: Starting runtime v2.3.0-unstable-build.b286009302+models
2026-09-08T02:42:23.065874Z  INFO cpu_budget: CPU budget: 16 cores (source: the CPUs available to this process; host reports 16, declared CPU request unset, cgroup share unset, cgroup limit unset) → 16 main worker threads, 15 per dedicated runtime pool, 16 target partitions
2026-09-08T02:42:23.065908Z  INFO cpu_budget: CPU budget derived sizing: main_runtime_worker_threads=16, dedicated_runtime_worker_threads=15, target_partitions=16, scan_split_concurrency=16, vortex_parallelism=16, max_concurrent_queries=64, cayenne_encode_permits=12, cayenne_write_concurrency_ceiling=16, cayenne_compaction_permits=16, cayenne_upload_concurrency=16, cayenne_max_concurrent_file_scans=16, metastore_pool_connections=16, embedding_pool_threads=16, duckdb_threads=16, cluster_executor_concurrent_tasks=16
2026-09-08T02:42:23.069330Z  INFO runtime::builder: Vortex segment cache installed: 2048 MB shared across all Cayenne tables
2026-09-08T02:42:23.069600Z  INFO runtime::init::caching: Initialized sql results cache; max size: 128.00 MiB, item ttl: 1s, hashing algorithm: XXH3, encoding: none
2026-09-08T02:42:23.069759Z  INFO runtime::init::caching: Initialized search results cache; max size: 128.00 MiB, item ttl: 1s, engine: Moka
2026-09-08T02:42:23.069811Z  INFO runtime::init::caching: Initialized embeddings cache; max size: 128.00 MiB, item ttl: 1s, engine: Moka
2026-09-08T02:42:23.070143Z  INFO runtime::datafusion::builder: runtime.query.max_concurrent_queries not set; sized from the CPU budget max_concurrent_queries=64
2026-09-08T02:42:23.070214Z  INFO runtime::datafusion::builder: runtime.query.target_partitions not set; sized from the CPU budget target_partitions=16
2026-09-08T02:42:23.070222Z  INFO runtime::datafusion::builder: runtime.query.eager_aggregation not set; defaulting to spiced default eager_aggregation=true
2026-09-08T02:42:23.072520Z  INFO runtime::datafusion: Cayenne global encode-concurrency budget active (caps aggregate write-encode shards across all tables) encode_budget=12
2026-09-08T02:42:23.072557Z  INFO runtime::datafusion: Cayenne adaptive query-admission throttle active (controller sheds concurrent queries when CDC is behind its freshness/lag SLO under CPU contention) max_concurrent_queries=64
2026-09-08T02:42:23.072571Z  INFO runtime::datafusion: Cayenne dynamic-tuning memory budget active (cgroup-aware) memory_budget=137438953472
2026-09-08T02:42:23.072592Z  INFO runtime::datafusion: Cayenne global PK keyset byte budget active (bounds the SUM of per-table keyset caches, which are sized independently) pk_keyset_budget_bytes=8589934592 total_memory=137438953472
2026-09-08T02:42:23.075122Z  INFO runtime::init::task_history: Task history enabled: retention_period=28800s, retention_check_interval=900s
2026-09-08T02:42:23.076073Z  INFO runtime::init::dataset: Loading datasets: 5 tasks dispatched, 0 skipped at accelerator init (of 5 total; localpod datasets may be chained).
2026-09-08T02:42:23.076090Z  INFO runtime::init::dataset: Dataset order_items initializing...
2026-09-08T02:42:23.076101Z  INFO runtime::init::dataset: Dataset articles initializing...
2026-09-08T02:42:23.076089Z  INFO runtime::init::dataset: Dataset orders initializing...
2026-09-08T02:42:23.076125Z  INFO runtime::init::dataset: Dataset returns initializing...
2026-09-08T02:42:23.076114Z  INFO runtime::init::dataset: Dataset customers initializing...
2026-09-08T02:42:23.096788Z  INFO runtime::init::dataset: Dataset returns registered (file://data/returns.csv), acceleration (arrow), results cache enabled. duration_ms=1
2026-09-08T02:42:23.096793Z  INFO runtime::init::dataset: Dataset orders registered (file://data/orders.csv), acceleration (arrow), results cache enabled. duration_ms=1
2026-09-08T02:42:23.096839Z  INFO runtime::init::dataset: Dataset customers registered (file://data/customers.csv), acceleration (arrow), results cache enabled. duration_ms=1
2026-09-08T02:42:23.096808Z  INFO runtime::init::dataset: Dataset order_items registered (file://data/order_items.csv), acceleration (arrow), results cache enabled. duration_ms=1
2026-09-08T02:42:23.096860Z  INFO runtime::init::dataset: Dataset articles registered (file://data/articles.csv), acceleration (arrow), results cache enabled. duration_ms=1
2026-09-08T02:42:23.097527Z  INFO runtime::datafusion: Initializing view paid_orders
2026-09-08T02:42:23.097682Z  INFO runtime::datafusion: Initializing view daily_sales
2026-09-08T02:42:23.097861Z  WARN runtime::datafusion: Dependent table paid_orders for view daily_sales does not exist, retrying...
2026-09-08T02:42:23.098129Z  INFO runtime_table::accelerated::refresh_task: Loading data for dataset articles
2026-09-08T02:42:23.098134Z  INFO runtime_table::accelerated::refresh_task: Loading data for dataset returns
2026-09-08T02:42:23.098139Z  INFO runtime_table::accelerated::refresh_task: Loading data for dataset orders
2026-09-08T02:42:23.098144Z  INFO runtime_table::accelerated::refresh_task: Loading data for dataset order_items
2026-09-08T02:42:23.098153Z  INFO runtime_table::accelerated::refresh_task: Loading data for dataset customers
2026-09-08T02:42:23.104851Z  INFO runtime_table::accelerated::refresh_task: Loaded 3 rows (512.00 B) for dataset returns in 6ms.
2026-09-08T02:42:23.104920Z  INFO runtime_table::accelerated::refresh_task: Loaded 5 rows (3.58 kiB) for dataset customers in 6ms.
2026-09-08T02:42:23.105034Z  INFO runtime_table::accelerated::refresh_task: Loaded 6 rows (3.59 kiB) for dataset articles in 6ms.
2026-09-08T02:42:23.105304Z  INFO runtime_table::accelerated::refresh_task: Loaded 10 rows (2.04 kiB) for dataset order_items in 7ms.
2026-09-08T02:42:23.105943Z  INFO runtime_table::accelerated::refresh_task: Loaded 8 rows (2.99 kiB) for dataset orders in 7ms.
2026-09-08T02:42:23.273608Z  INFO runtime::flight: Spice Runtime Flight listening on 127.0.0.1:15052
2026-09-08T02:42:23.275659Z  INFO runtime::http: Spice Runtime HTTP listening on 127.0.0.1:18091
2026-09-08T02:42:24.182246Z  INFO runtime::datafusion: View paid_orders registered.
2026-09-08T02:42:25.100218Z  INFO runtime::datafusion: Dependent table paid_orders for view daily_sales found
2026-09-08T02:42:25.101641Z  INFO runtime::datafusion: View daily_sales registered.
2026-09-08T02:42:25.134040Z  INFO runtime: All components are loaded. Spice runtime is ready!
2026-09-08T02:42:25.439314Z  INFO runtime: Shutdown initiated; waiting up to 30s for connections to drain
2026-09-08T02:42:25.446228Z  INFO spiced: Goodbye!
