---
source: crates/test-framework/src/snapshot/mod.rs
description: "Query: tpch_q16"
---
+---------------+----------------------------------------------------------------------------------------------------------------------------------------------------------------------------------------------------------------------+
| plan_type     | plan                                                                                                                                                                                                                 |
+---------------+----------------------------------------------------------------------------------------------------------------------------------------------------------------------------------------------------------------------+
| logical_plan  | Sort: supplier_cnt DESC NULLS FIRST, part.p_brand ASC NULLS LAST, part.p_type ASC NULLS LAST, part.p_size ASC NULLS LAST                                                                                             |
|               |   Projection: part.p_brand, part.p_type, part.p_size, count(alias1) AS supplier_cnt                                                                                                                                  |
|               |     Aggregate: groupBy=[[part.p_brand, part.p_type, part.p_size]], aggr=[[count(alias1)]]                                                                                                                            |
|               |       Aggregate: groupBy=[[part.p_brand, part.p_type, part.p_size, partsupp.ps_suppkey AS alias1]], aggr=[[]]                                                                                                        |
|               |         LeftAnti Join: partsupp.ps_suppkey = __correlated_sq_1.s_suppkey                                                                                                                                             |
|               |           Projection: partsupp.ps_suppkey, part.p_brand, part.p_size, part.p_type                                                                                                                                    |
|               |             Inner Join: partsupp.ps_partkey = part.p_partkey                                                                                                                                                         |
|               |               TableScan: partsupp projection=[ps_partkey, ps_suppkey]                                                                                                                                                |
|               |               Filter: part.p_brand != Utf8("Brand#45") AND part.p_type NOT LIKE Utf8("MEDIUM POLISHED%") AND part.p_size IN ([Int64(49), Int64(14), Int64(23), Int64(45), Int64(19), Int64(3), Int64(36), Int64(9)]) |
|               |                 TableScan: part projection=[p_brand, p_partkey, p_size, p_type]                                                                                                                                      |
|               |           SubqueryAlias: __correlated_sq_1                                                                                                                                                                           |
|               |             Projection: supplier.s_suppkey                                                                                                                                                                           |
|               |               Filter: supplier.s_comment LIKE Utf8("%Customer%Complaints%")                                                                                                                                          |
|               |                 TableScan: supplier projection=[s_comment, s_suppkey]                                                                                                                                                |
| physical_plan | SortPreservingMergeExec: [supplier_cnt@3 DESC, p_brand@0 ASC NULLS LAST, p_type@1 ASC NULLS LAST, p_size@2 ASC NULLS LAST]                                                                                           |
|               |   SortExec: expr=[supplier_cnt@3 DESC, p_brand@0 ASC NULLS LAST, p_type@1 ASC NULLS LAST, p_size@2 ASC NULLS LAST], preserve_partitioning=[true]                                                                     |
|               |     ProjectionExec: expr=[p_brand@0 as p_brand, p_type@1 as p_type, p_size@2 as p_size, count(alias1)@3 as supplier_cnt]                                                                                             |
|               |       AggregateExec: mode=FinalPartitioned, gby=[p_brand@0 as p_brand, p_type@1 as p_type, p_size@2 as p_size], aggr=[count(alias1)]                                                                                 |
|               |         CoalesceBatchesExec: target_batch_size=8192                                                                                                                                                                  |
|               |           RepartitionExec: partitioning=Hash([p_brand@0, p_type@1, p_size@2], 32), input_partitions=32                                                                                                               |
|               |             AggregateExec: mode=Partial, gby=[p_brand@0 as p_brand, p_type@1 as p_type, p_size@2 as p_size], aggr=[count(alias1)]                                                                                    |
|               |               AggregateExec: mode=FinalPartitioned, gby=[p_brand@0 as p_brand, p_type@1 as p_type, p_size@2 as p_size, alias1@3 as alias1], aggr=[]                                                                  |
|               |                 CoalesceBatchesExec: target_batch_size=8192                                                                                                                                                          |
|               |                   RepartitionExec: partitioning=Hash([p_brand@0, p_type@1, p_size@2, alias1@3], 32), input_partitions=32                                                                                             |
|               |                     AggregateExec: mode=Partial, gby=[p_brand@1 as p_brand, p_type@3 as p_type, p_size@2 as p_size, ps_suppkey@0 as alias1], aggr=[]                                                                 |
|               |                       CoalesceBatchesExec: target_batch_size=8192                                                                                                                                                    |
|               |                         HashJoinExec: mode=CollectLeft, join_type=RightAnti, accumulator=MinMaxLeftAccumulator, on=[(s_suppkey@0, ps_suppkey@0)]                                                                     |
|               |                           CoalescePartitionsExec                                                                                                                                                                     |
|               |                             CoalesceBatchesExec: target_batch_size=8192                                                                                                                                              |
|               |                               FilterExec: s_comment@0 LIKE %Customer%Complaints%, projection=[s_suppkey@1]                                                                                                           |
|               |                                 RepartitionExec: partitioning=RoundRobinBatch(32), input_partitions=1                                                                                                                |
|               |                                   SchemaCastScanExec                                                                                                                                                                 |
|               |                                     BytesProcessedExec                                                                                                                                                               |
|               |                                       DataSourceExec: partitions=1, partition_sizes=[4]                                                                                                                              |
|               |                           ProjectionExec: expr=[ps_suppkey@3 as ps_suppkey, p_brand@0 as p_brand, p_size@1 as p_size, p_type@2 as p_type]                                                                            |
|               |                             CoalesceBatchesExec: target_batch_size=8192                                                                                                                                              |
|               |                               HashJoinExec: mode=Partitioned, join_type=Inner, accumulator=MinMaxLeftAccumulator, on=[(p_partkey@1, ps_partkey@0)], projection=[p_brand@0, p_size@2, p_type@3, ps_suppkey@5]         |
|               |                                 CoalesceBatchesExec: target_batch_size=8192                                                                                                                                          |
|               |                                   RepartitionExec: partitioning=Hash([p_partkey@1], 32), input_partitions=32                                                                                                         |
|               |                                     CoalesceBatchesExec: target_batch_size=8192                                                                                                                                      |
|               |                                       FilterExec: p_brand@0 != Brand#45 AND p_type@3 NOT LIKE MEDIUM POLISHED% AND p_size@2 IN (SET) ([49, 14, 23, 45, 19, 3, 36, 9])                                                |
|               |                                         SchemaCastScanExec                                                                                                                                                           |
|               |                                           BytesProcessedExec                                                                                                                                                         |
|               |                                             DataSourceExec: partitions=32, partition_sizes=[2, 2, 2, 2, 2, 2, 2, 2, 2, 2, 2, 2, 2, 2, 2, 2, 2, 2, 1, 1, 1, 1, 1, 1, 1, 1, 1, 1, 1, 1, 4, 4]                          |
|               |                                 CoalesceBatchesExec: target_batch_size=8192                                                                                                                                          |
|               |                                   RepartitionExec: partitioning=Hash([ps_partkey@0], 32), input_partitions=32                                                                                                        |
|               |                                     SchemaCastScanExec                                                                                                                                                               |
|               |                                       BytesProcessedExec                                                                                                                                                             |
|               |                                         DataSourceExec: partitions=32, partition_sizes=[7, 7, 7, 7, 7, 7, 7, 7, 6, 6, 6, 6, 6, 6, 6, 6, 6, 6, 6, 6, 6, 6, 6, 6, 6, 6, 6, 6, 6, 6, 8, 12]                             |
|               |                                                                                                                                                                                                                      |
+---------------+----------------------------------------------------------------------------------------------------------------------------------------------------------------------------------------------------------------------+
