---
source: crates/test-framework/src/snapshot/mod.rs
description: "Query: chbench_q8"
---
+---------------+-------------------------------------------------------------------------------------------------------------------------------------------------------------------------------------------------------------------------------------------------------------------------------------------------------------------------------------------+
| plan_type     | plan                                                                                                                                                                                                                                                                                                                                      |
+---------------+-------------------------------------------------------------------------------------------------------------------------------------------------------------------------------------------------------------------------------------------------------------------------------------------------------------------------------------------+
| logical_plan  | Sort: l_year ASC NULLS LAST                                                                                                                                                                                                                                                                                                               |
|               |   Projection: date_part(Utf8("YEAR"),oorder.o_entry_d) AS l_year, sum(CASE WHEN n2.n_name = Utf8("INDIA") THEN order_line.ol_amount ELSE Int64(0) END) / sum(order_line.ol_amount) AS mkt_share                                                                                                                                           |
|               |     Aggregate: groupBy=[[date_part(Utf8("YEAR"), oorder.o_entry_d)]], aggr=[[sum(CASE WHEN n2.n_name = Utf8View("INDIA") THEN order_line.ol_amount ELSE Float64(0) END) AS sum(CASE WHEN n2.n_name = Utf8("INDIA") THEN order_line.ol_amount ELSE Int64(0) END), sum(order_line.ol_amount)]]                                              |
|               |       Projection: order_line.ol_amount, oorder.o_entry_d, n2.n_name                                                                                                                                                                                                                                                                       |
|               |         Inner Join: n1.n_regionkey = region.r_regionkey                                                                                                                                                                                                                                                                                   |
|               |           Projection: n2.n_name, order_line.ol_amount, oorder.o_entry_d, n1.n_regionkey                                                                                                                                                                                                                                                   |
|               |             Inner Join: CAST(ascii(substr(customer.c_state, Int64(1), Int64(1))) AS Int64) - Int64(65) = n1.n_nationkey                                                                                                                                                                                                                   |
|               |               Projection: n2.n_name, order_line.ol_amount, oorder.o_entry_d, customer.c_state                                                                                                                                                                                                                                             |
|               |                 Inner Join: oorder.o_c_id = customer.c_id, oorder.o_w_id = customer.c_w_id, oorder.o_d_id = customer.c_d_id                                                                                                                                                                                                               |
|               |                   Projection: n2.n_name, order_line.ol_amount, oorder.o_d_id, oorder.o_w_id, oorder.o_c_id, oorder.o_entry_d                                                                                                                                                                                                              |
|               |                     Inner Join: order_line.ol_w_id = oorder.o_w_id, order_line.ol_d_id = oorder.o_d_id, order_line.ol_o_id = oorder.o_id                                                                                                                                                                                                  |
|               |                       Projection: n2.n_name, order_line.ol_o_id, order_line.ol_d_id, order_line.ol_w_id, order_line.ol_amount                                                                                                                                                                                                             |
|               |                         Inner Join: stock.s_i_id = order_line.ol_i_id, stock.s_w_id = order_line.ol_supply_w_id, item.i_id = order_line.ol_i_id                                                                                                                                                                                           |
|               |                           Inner Join: stock.s_i_id = item.i_id                                                                                                                                                                                                                                                                            |
|               |                             Projection: n2.n_name, stock.s_i_id, stock.s_w_id                                                                                                                                                                                                                                                             |
|               |                               Inner Join: supplier.su_suppkey = mod(CAST(stock.s_w_id * stock.s_i_id AS Int64), Int64(10000))                                                                                                                                                                                                             |
|               |                                 Projection: n2.n_name, supplier.su_suppkey                                                                                                                                                                                                                                                                |
|               |                                   Inner Join: n2.n_nationkey = supplier.su_nationkey                                                                                                                                                                                                                                                      |
|               |                                     SubqueryAlias: n2                                                                                                                                                                                                                                                                                     |
|               |                                       TableScan: nation projection=[n_nationkey, n_name]                                                                                                                                                                                                                                                  |
|               |                                     TableScan: supplier projection=[su_suppkey, su_nationkey]                                                                                                                                                                                                                                             |
|               |                                 Filter: stock.s_i_id < Int32(1000)                                                                                                                                                                                                                                                                        |
|               |                                   TableScan: stock projection=[s_i_id, s_w_id], partial_filters=[stock.s_i_id < Int32(1000)]                                                                                                                                                                                                              |
|               |                             Projection: item.i_id                                                                                                                                                                                                                                                                                         |
|               |                               Filter: item.i_data LIKE Utf8View("%b") AND item.i_id < Int32(1000)                                                                                                                                                                                                                                         |
|               |                                 TableScan: item projection=[i_id, i_data], partial_filters=[item.i_data LIKE Utf8View("%b"), item.i_id < Int32(1000)]                                                                                                                                                                                     |
|               |                           Filter: order_line.ol_i_id < Int32(1000)                                                                                                                                                                                                                                                                        |
|               |                             TableScan: order_line projection=[ol_o_id, ol_d_id, ol_w_id, ol_i_id, ol_supply_w_id, ol_amount], partial_filters=[order_line.ol_i_id < Int32(1000)]                                                                                                                                                          |
|               |                       TableScan: oorder projection=[o_id, o_d_id, o_w_id, o_c_id, o_entry_d]                                                                                                                                                                                                                                              |
|               |                   TableScan: customer projection=[c_id, c_d_id, c_w_id, c_state]                                                                                                                                                                                                                                                          |
|               |               SubqueryAlias: n1                                                                                                                                                                                                                                                                                                           |
|               |                 TableScan: nation projection=[n_nationkey, n_regionkey]                                                                                                                                                                                                                                                                   |
|               |           Projection: region.r_regionkey                                                                                                                                                                                                                                                                                                  |
|               |             Filter: region.r_name = Utf8View("ASIA")                                                                                                                                                                                                                                                                                      |
|               |               TableScan: region projection=[r_regionkey, r_name], partial_filters=[region.r_name = Utf8View("ASIA")]                                                                                                                                                                                                                      |
| physical_plan | SortPreservingMergeExec: [l_year@0 ASC NULLS LAST]                                                                                                                                                                                                                                                                                        |
|               |   SortExec: expr=[l_year@0 ASC NULLS LAST], preserve_partitioning=[true]                                                                                                                                                                                                                                                                  |
|               |     ProjectionExec: expr=[date_part(Utf8("YEAR"),oorder.o_entry_d)@0 as l_year, sum(CASE WHEN n2.n_name = Utf8("INDIA") THEN order_line.ol_amount ELSE Int64(0) END)@1 / sum(order_line.ol_amount)@2 as mkt_share]                                                                                                                        |
|               |       AggregateExec: mode=FinalPartitioned, gby=[date_part(Utf8("YEAR"),oorder.o_entry_d)@0 as date_part(Utf8("YEAR"),oorder.o_entry_d)], aggr=[sum(CASE WHEN n2.n_name = INDIA THEN order_line.ol_amount ELSE 0 END) as sum(CASE WHEN n2.n_name = Utf8("INDIA") THEN order_line.ol_amount ELSE Int64(0) END), sum(order_line.ol_amount)] |
|               |         RepartitionExec: partitioning=Hash([date_part(Utf8("YEAR"),oorder.o_entry_d)@0], 16), input_partitions=16                                                                                                                                                                                                                         |
|               |           AggregateExec: mode=Partial, gby=[date_part(YEAR, o_entry_d@1) as date_part(Utf8("YEAR"),oorder.o_entry_d)], aggr=[sum(CASE WHEN n2.n_name = INDIA THEN order_line.ol_amount ELSE 0 END) as sum(CASE WHEN n2.n_name = Utf8("INDIA") THEN order_line.ol_amount ELSE Int64(0) END), sum(order_line.ol_amount)]                    |
|               |             HashJoinExec: mode=CollectLeft, join_type=Inner, accumulator=MinMaxLeftAccumulator, on=[(r_regionkey@0, n_regionkey@3)], projection=[ol_amount@2, o_entry_d@3, n_name@1]                                                                                                                                                      |
|               |               CoalescePartitionsExec                                                                                                                                                                                                                                                                                                      |
|               |                 ProjectionExec: expr=[r_regionkey@0 as r_regionkey]                                                                                                                                                                                                                                                                       |
|               |                   SchemaCastScanExec                                                                                                                                                                                                                                                                                                      |
|               |                     CayenneAccelerationExec: snapshots_scanned=1, files_scanned=2                                                                                                                                                                                                                                                         |
|               |                       BytesProcessedExec                                                                                                                                                                                                                                                                                                  |
|               |                         DataSourceExec: file_groups={2 groups: [<redacted>]}, projection=[r_regionkey, r_name], file_type=vortex, predicate: r_name@1 = ASIA                                                                                                                                                                              |
|               |               HashJoinExec: mode=CollectLeft, join_type=Inner, accumulator=MinMaxLeftAccumulator, on=[(n_nationkey@0, ascii(substr(customer.c_state,Int64(1),Int64(1))) - Int64(65)@4)], projection=[n_name@2, ol_amount@3, o_entry_d@4, n_regionkey@1]                                                                                   |
|               |                 CoalescePartitionsExec                                                                                                                                                                                                                                                                                                    |
|               |                   SchemaCastScanExec                                                                                                                                                                                                                                                                                                      |
|               |                     CayenneAccelerationExec: snapshots_scanned=1, files_scanned=4                                                                                                                                                                                                                                                         |
|               |                       BytesProcessedExec                                                                                                                                                                                                                                                                                                  |
|               |                         DataSourceExec: file_groups={4 groups: [<redacted>]}, projection=[n_nationkey, n_regionkey], file_type=vortex, predicate: DynamicFilter [ empty ]                                                                                                                                                                 |
|               |                 ProjectionExec: expr=[n_name@0 as n_name, ol_amount@1 as ol_amount, o_entry_d@2 as o_entry_d, c_state@3 as c_state, CAST(ascii(substr(c_state@3, 1, 1)) AS Int64) - 65 as ascii(substr(customer.c_state,Int64(1),Int64(1))) - Int64(65)]                                                                                  |
|               |                   HashJoinExec: mode=Partitioned, join_type=Inner, accumulator=MinMaxLeftAccumulator, on=[(c_id@0, o_c_id@4), (c_w_id@2, o_w_id@3), (c_d_id@1, o_d_id@2)], projection=[n_name@4, ol_amount@5, o_entry_d@9, c_state@3]                                                                                                     |
|               |                     RepartitionExec: partitioning=Hash([c_id@0, c_w_id@2, c_d_id@1], 16), input_partitions=16                                                                                                                                                                                                                             |
|               |                       SchemaCastScanExec                                                                                                                                                                                                                                                                                                  |
|               |                         CayenneAccelerationExec: snapshots_scanned=1, files_scanned=23                                                                                                                                                                                                                                                    |
|               |                           BytesProcessedExec                                                                                                                                                                                                                                                                                              |
|               |                             DataSourceExec: file_groups={16 groups: [<redacted>]}, projection=[c_id, c_d_id, c_w_id, c_state], file_type=vortex, predicate: DynamicFilter [ empty ]                                                                                                                                                       |
|               |                     RepartitionExec: partitioning=Hash([o_c_id@4, o_w_id@3, o_d_id@2], 16), input_partitions=16                                                                                                                                                                                                                           |
|               |                       HashJoinExec: mode=CollectLeft, join_type=Inner, accumulator=MinMaxLeftAccumulator, on=[(ol_w_id@3, o_w_id@2), (ol_d_id@2, o_d_id@1), (ol_o_id@1, o_id@0)], projection=[n_name@0, ol_amount@4, o_d_id@6, o_w_id@7, o_c_id@8, o_entry_d@9]                                                                           |
|               |                         CoalescePartitionsExec                                                                                                                                                                                                                                                                                            |
|               |                           HashJoinExec: mode=CollectLeft, join_type=Inner, accumulator=MinMaxLeftAccumulator, on=[(s_i_id@1, ol_i_id@3), (s_w_id@2, ol_supply_w_id@4), (i_id@3, ol_i_id@3)], projection=[n_name@0, ol_o_id@4, ol_d_id@5, ol_w_id@6, ol_amount@9]                                                                          |
|               |                             CoalescePartitionsExec                                                                                                                                                                                                                                                                                        |
|               |                               HashJoinExec: mode=CollectLeft, join_type=Inner, accumulator=MinMaxLeftAccumulator, on=[(i_id@0, s_i_id@1)], projection=[n_name@1, s_i_id@2, s_w_id@3, i_id@0]                                                                                                                                              |
|               |                                 CoalescePartitionsExec                                                                                                                                                                                                                                                                                    |
|               |                                   ProjectionExec: expr=[i_id@0 as i_id]                                                                                                                                                                                                                                                                   |
|               |                                     SchemaCastScanExec                                                                                                                                                                                                                                                                                    |
|               |                                       CayenneAccelerationExec: snapshots_scanned=1, files_scanned=4                                                                                                                                                                                                                                       |
|               |                                         BytesProcessedExec                                                                                                                                                                                                                                                                                |
|               |                                           DataSourceExec: file_groups={4 groups: [<redacted>]}, projection=[i_id, i_data], file_type=vortex, predicate: i_data@4 LIKE %b AND i_id@0 < 1000                                                                                                                                                |
|               |                                 HashJoinExec: mode=CollectLeft, join_type=Inner, accumulator=MinMaxLeftAccumulator, on=[(su_suppkey@1, mod(stock.s_w_id * stock.s_i_id,Int64(10000))@2)], projection=[n_name@0, s_i_id@2, s_w_id@3]                                                                                                       |
|               |                                   CoalescePartitionsExec                                                                                                                                                                                                                                                                                  |
|               |                                     HashJoinExec: mode=CollectLeft, join_type=Inner, accumulator=MinMaxLeftAccumulator, on=[(n_nationkey@0, su_nationkey@1)], projection=[n_name@1, su_suppkey@2]                                                                                                                                         |
|               |                                       CoalescePartitionsExec                                                                                                                                                                                                                                                                              |
|               |                                         SchemaCastScanExec                                                                                                                                                                                                                                                                                |
|               |                                           CayenneAccelerationExec: snapshots_scanned=1, files_scanned=4                                                                                                                                                                                                                                   |
|               |                                             BytesProcessedExec                                                                                                                                                                                                                                                                            |
|               |                                               DataSourceExec: file_groups={4 groups: [<redacted>]}, projection=[n_nationkey, n_name], file_type=vortex                                                                                                                                                                                    |
|               |                                       RepartitionExec: partitioning=RoundRobinBatch(16), input_partitions=4                                                                                                                                                                                                                               |
|               |                                         SchemaCastScanExec                                                                                                                                                                                                                                                                                |
|               |                                           CayenneAccelerationExec: snapshots_scanned=1, files_scanned=4                                                                                                                                                                                                                                   |
|               |                                             BytesProcessedExec                                                                                                                                                                                                                                                                            |
|               |                                               DataSourceExec: file_groups={4 groups: [<redacted>]}, projection=[su_suppkey, su_nationkey], file_type=vortex, predicate: DynamicFilter [ empty ]                                                                                                                                           |
|               |                                   ProjectionExec: expr=[s_i_id@0 as s_i_id, s_w_id@1 as s_w_id, mod(CAST(s_w_id@1 * s_i_id@0 AS Int64), 10000) as mod(stock.s_w_id * stock.s_i_id,Int64(10000))]                                                                                                                                          |
|               |                                     SchemaCastScanExec                                                                                                                                                                                                                                                                                    |
|               |                                       CayenneAccelerationExec: snapshots_scanned=1, files_scanned=27                                                                                                                                                                                                                                      |
|               |                                         BytesProcessedExec                                                                                                                                                                                                                                                                                |
|               |                                           DataSourceExec: file_groups={16 groups: [<redacted>]}, projection=[s_i_id, s_w_id], file_type=vortex, predicate: s_i_id@0 < 1000 AND DynamicFilter [ empty ] AND DynamicFilter [ empty ]                                                                                                        |
|               |                             SchemaCastScanExec                                                                                                                                                                                                                                                                                            |
|               |                               CayenneAccelerationExec: snapshots_scanned=1, files_scanned=23                                                                                                                                                                                                                                              |
|               |                                 BytesProcessedExec                                                                                                                                                                                                                                                                                        |
|               |                                   DataSourceExec: file_groups={16 groups: [<redacted>]}, projection=[ol_o_id, ol_d_id, ol_w_id, ol_i_id, ol_supply_w_id, ol_amount], file_type=vortex, predicate: ol_i_id@4 < 1000 AND DynamicFilter [ empty ]                                                                                            |
|               |                         SchemaCastScanExec                                                                                                                                                                                                                                                                                                |
|               |                           CayenneAccelerationExec: snapshots_scanned=1, files_scanned=19                                                                                                                                                                                                                                                  |
|               |                             BytesProcessedExec                                                                                                                                                                                                                                                                                            |
|               |                               DataSourceExec: file_groups={16 groups: [<redacted>]}, projection=[o_id, o_d_id, o_w_id, o_c_id, o_entry_d], file_type=vortex, predicate: DynamicFilter [ empty ] AND DynamicFilter [ empty ]                                                                                                               |
|               |                                                                                                                                                                                                                                                                                                                                           |
+---------------+-------------------------------------------------------------------------------------------------------------------------------------------------------------------------------------------------------------------------------------------------------------------------------------------------------------------------------------------+
