---
source: crates/test-framework/src/snapshot/mod.rs
description: "Query: tpcds_q49"
---
+---------------+------------------------------------------------------------------------------------------------------------------------------------------------------------------------------------------------------------------------------------------------------------------------------------------------------------------------------------------------------------------------------------------------------------------------------------------------------------------------------------------------------------------------------------------------------------------------------------------------------------------------------------------------------------------------------------------------------------------------------------------------------------------------------------------------------------------+
| plan_type     | plan                                                                                                                                                                                                                                                                                                                                                                                                                                                                                                                                                                                                                                                                                                                                                                                                             |
+---------------+------------------------------------------------------------------------------------------------------------------------------------------------------------------------------------------------------------------------------------------------------------------------------------------------------------------------------------------------------------------------------------------------------------------------------------------------------------------------------------------------------------------------------------------------------------------------------------------------------------------------------------------------------------------------------------------------------------------------------------------------------------------------------------------------------------------+
| logical_plan  | Sort: channel ASC NULLS LAST, return_rank ASC NULLS LAST, currency_rank ASC NULLS LAST, item ASC NULLS LAST, fetch=100                                                                                                                                                                                                                                                                                                                                                                                                                                                                                                                                                                                                                                                                                           |
|               |   Aggregate: groupBy=[[channel, item, return_ratio, return_rank, currency_rank]], aggr=[[]]                                                                                                                                                                                                                                                                                                                                                                                                                                                                                                                                                                                                                                                                                                                      |
|               |     Union                                                                                                                                                                                                                                                                                                                                                                                                                                                                                                                                                                                                                                                                                                                                                                                                        |
|               |       Projection: Utf8("web") AS channel, web.item, web.return_ratio, web.return_rank, web.currency_rank                                                                                                                                                                                                                                                                                                                                                                                                                                                                                                                                                                                                                                                                                                         |
|               |         SubqueryAlias: web                                                                                                                                                                                                                                                                                                                                                                                                                                                                                                                                                                                                                                                                                                                                                                                       |
|               |           Projection: in_web.item, in_web.return_ratio, rank() ORDER BY [in_web.return_ratio ASC NULLS LAST] RANGE BETWEEN UNBOUNDED PRECEDING AND CURRENT ROW AS return_rank, rank() ORDER BY [in_web.currency_ratio ASC NULLS LAST] RANGE BETWEEN UNBOUNDED PRECEDING AND CURRENT ROW AS currency_rank                                                                                                                                                                                                                                                                                                                                                                                                                                                                                                         |
|               |             Filter: rank() ORDER BY [in_web.return_ratio ASC NULLS LAST] RANGE BETWEEN UNBOUNDED PRECEDING AND CURRENT ROW <= UInt64(10) OR rank() ORDER BY [in_web.currency_ratio ASC NULLS LAST] RANGE BETWEEN UNBOUNDED PRECEDING AND CURRENT ROW <= UInt64(10)                                                                                                                                                                                                                                                                                                                                                                                                                                                                                                                                               |
|               |               Projection: in_web.item, in_web.return_ratio, rank() ORDER BY [in_web.return_ratio ASC NULLS LAST] RANGE BETWEEN UNBOUNDED PRECEDING AND CURRENT ROW, rank() ORDER BY [in_web.currency_ratio ASC NULLS LAST] RANGE BETWEEN UNBOUNDED PRECEDING AND CURRENT ROW                                                                                                                                                                                                                                                                                                                                                                                                                                                                                                                                     |
|               |                 WindowAggr: windowExpr=[[rank() ORDER BY [in_web.currency_ratio ASC NULLS LAST] RANGE BETWEEN UNBOUNDED PRECEDING AND CURRENT ROW]]                                                                                                                                                                                                                                                                                                                                                                                                                                                                                                                                                                                                                                                              |
|               |                   WindowAggr: windowExpr=[[rank() ORDER BY [in_web.return_ratio ASC NULLS LAST] RANGE BETWEEN UNBOUNDED PRECEDING AND CURRENT ROW]]                                                                                                                                                                                                                                                                                                                                                                                                                                                                                                                                                                                                                                                              |
|               |                     SubqueryAlias: in_web                                                                                                                                                                                                                                                                                                                                                                                                                                                                                                                                                                                                                                                                                                                                                                        |
|               |                       Projection: ws.ws_item_sk AS item, CAST(sum(coalesce(wr.wr_return_quantity,Int64(0))) AS Float32) / CAST(sum(coalesce(ws.ws_quantity,Int64(0))) AS Float32) AS return_ratio, CAST(sum(coalesce(wr.wr_return_amt,Int64(0))) AS Float32) / CAST(sum(coalesce(ws.ws_net_paid,Int64(0))) AS Float32) AS currency_ratio                                                                                                                                                                                                                                                                                                                                                                                                                                                                         |
|               |                         Federated                                                                                                                                                                                                                                                                                                                                                                                                                                                                                                                                                                                                                                                                                                                                                                                |
|               |  Projection: ws.ws_item_sk, sum(coalesce(wr.wr_return_quantity,Int64(0))), sum(coalesce(ws.ws_quantity,Int64(0))), sum(coalesce(wr.wr_return_amt,Int64(0))), sum(coalesce(ws.ws_net_paid,Int64(0)))                                                                                                                                                                                                                                                                                                                                                                                                                                                                                                                                                                                                              |
|               |   Aggregate: groupBy=[[ws.ws_item_sk]], aggr=[[sum(coalesce(wr.wr_return_quantity, Int64(0))), sum(coalesce(ws.ws_quantity, Int64(0))), sum(coalesce(wr.wr_return_amt, Int64(0))), sum(coalesce(ws.ws_net_paid, Int64(0)))]]                                                                                                                                                                                                                                                                                                                                                                                                                                                                                                                                                                                     |
|               |     Inner Join:  Filter: ws.ws_sold_date_sk = date_dim.d_date_sk                                                                                                                                                                                                                                                                                                                                                                                                                                                                                                                                                                                                                                                                                                                                                 |
|               |       Filter: wr.wr_return_amt > Int64(10000)                                                                                                                                                                                                                                                                                                                                                                                                                                                                                                                                                                                                                                                                                                                                                                    |
|               |         Left Join:  Filter: ws.ws_order_number = wr.wr_order_number AND ws.ws_item_sk = wr.wr_item_sk                                                                                                                                                                                                                                                                                                                                                                                                                                                                                                                                                                                                                                                                                                            |
|               |           Filter: ws.ws_net_profit > Int64(1) AND ws.ws_net_paid > Int64(0) AND ws.ws_quantity > Int64(0)                                                                                                                                                                                                                                                                                                                                                                                                                                                                                                                                                                                                                                                                                                        |
|               |             SubqueryAlias: ws                                                                                                                                                                                                                                                                                                                                                                                                                                                                                                                                                                                                                                                                                                                                                                                    |
|               |               TableScan: web_sales projection=[ws_sold_date_sk, ws_item_sk, ws_order_number, ws_quantity, ws_net_paid, ws_net_profit]                                                                                                                                                                                                                                                                                                                                                                                                                                                                                                                                                                                                                                                                            |
|               |           SubqueryAlias: wr                                                                                                                                                                                                                                                                                                                                                                                                                                                                                                                                                                                                                                                                                                                                                                                      |
|               |             TableScan: web_returns projection=[wr_item_sk, wr_order_number, wr_return_quantity, wr_return_amt]                                                                                                                                                                                                                                                                                                                                                                                                                                                                                                                                                                                                                                                                                                   |
|               |       TableScan: date_dim projection=[d_date_sk], full_filters=[date_dim.d_year = Int64(2000), date_dim.d_moy = Int64(12)]                                                                                                                                                                                                                                                                                                                                                                                                                                                                                                                                                                                                                                                                                       |
|               |       Projection: Utf8("catalog") AS channel, catalog.item, catalog.return_ratio, catalog.return_rank, catalog.currency_rank                                                                                                                                                                                                                                                                                                                                                                                                                                                                                                                                                                                                                                                                                     |
|               |         SubqueryAlias: catalog                                                                                                                                                                                                                                                                                                                                                                                                                                                                                                                                                                                                                                                                                                                                                                                   |
|               |           Projection: in_cat.item, in_cat.return_ratio, rank() ORDER BY [in_cat.return_ratio ASC NULLS LAST] RANGE BETWEEN UNBOUNDED PRECEDING AND CURRENT ROW AS return_rank, rank() ORDER BY [in_cat.currency_ratio ASC NULLS LAST] RANGE BETWEEN UNBOUNDED PRECEDING AND CURRENT ROW AS currency_rank                                                                                                                                                                                                                                                                                                                                                                                                                                                                                                         |
|               |             Filter: rank() ORDER BY [in_cat.return_ratio ASC NULLS LAST] RANGE BETWEEN UNBOUNDED PRECEDING AND CURRENT ROW <= UInt64(10) OR rank() ORDER BY [in_cat.currency_ratio ASC NULLS LAST] RANGE BETWEEN UNBOUNDED PRECEDING AND CURRENT ROW <= UInt64(10)                                                                                                                                                                                                                                                                                                                                                                                                                                                                                                                                               |
|               |               Projection: in_cat.item, in_cat.return_ratio, rank() ORDER BY [in_cat.return_ratio ASC NULLS LAST] RANGE BETWEEN UNBOUNDED PRECEDING AND CURRENT ROW, rank() ORDER BY [in_cat.currency_ratio ASC NULLS LAST] RANGE BETWEEN UNBOUNDED PRECEDING AND CURRENT ROW                                                                                                                                                                                                                                                                                                                                                                                                                                                                                                                                     |
|               |                 WindowAggr: windowExpr=[[rank() ORDER BY [in_cat.currency_ratio ASC NULLS LAST] RANGE BETWEEN UNBOUNDED PRECEDING AND CURRENT ROW]]                                                                                                                                                                                                                                                                                                                                                                                                                                                                                                                                                                                                                                                              |
|               |                   WindowAggr: windowExpr=[[rank() ORDER BY [in_cat.return_ratio ASC NULLS LAST] RANGE BETWEEN UNBOUNDED PRECEDING AND CURRENT ROW]]                                                                                                                                                                                                                                                                                                                                                                                                                                                                                                                                                                                                                                                              |
|               |                     SubqueryAlias: in_cat                                                                                                                                                                                                                                                                                                                                                                                                                                                                                                                                                                                                                                                                                                                                                                        |
|               |                       Projection: cs.cs_item_sk AS item, CAST(sum(coalesce(cr.cr_return_quantity,Int64(0))) AS Float32) / CAST(sum(coalesce(cs.cs_quantity,Int64(0))) AS Float32) AS return_ratio, CAST(sum(coalesce(cr.cr_return_amount,Int64(0))) AS Float32) / CAST(sum(coalesce(cs.cs_net_paid,Int64(0))) AS Float32) AS currency_ratio                                                                                                                                                                                                                                                                                                                                                                                                                                                                      |
|               |                         Federated                                                                                                                                                                                                                                                                                                                                                                                                                                                                                                                                                                                                                                                                                                                                                                                |
|               |  Projection: cs.cs_item_sk, sum(coalesce(cr.cr_return_quantity,Int64(0))), sum(coalesce(cs.cs_quantity,Int64(0))), sum(coalesce(cr.cr_return_amount,Int64(0))), sum(coalesce(cs.cs_net_paid,Int64(0)))                                                                                                                                                                                                                                                                                                                                                                                                                                                                                                                                                                                                           |
|               |   Aggregate: groupBy=[[cs.cs_item_sk]], aggr=[[sum(coalesce(cr.cr_return_quantity, Int64(0))), sum(coalesce(cs.cs_quantity, Int64(0))), sum(coalesce(cr.cr_return_amount, Int64(0))), sum(coalesce(cs.cs_net_paid, Int64(0)))]]                                                                                                                                                                                                                                                                                                                                                                                                                                                                                                                                                                                  |
|               |     Inner Join:  Filter: cs.cs_sold_date_sk = date_dim.d_date_sk                                                                                                                                                                                                                                                                                                                                                                                                                                                                                                                                                                                                                                                                                                                                                 |
|               |       Filter: cr.cr_return_amount > Int64(10000)                                                                                                                                                                                                                                                                                                                                                                                                                                                                                                                                                                                                                                                                                                                                                                 |
|               |         Left Join:  Filter: cs.cs_order_number = cr.cr_order_number AND cs.cs_item_sk = cr.cr_item_sk                                                                                                                                                                                                                                                                                                                                                                                                                                                                                                                                                                                                                                                                                                            |
|               |           Filter: cs.cs_net_profit > Int64(1) AND cs.cs_net_paid > Int64(0) AND cs.cs_quantity > Int64(0)                                                                                                                                                                                                                                                                                                                                                                                                                                                                                                                                                                                                                                                                                                        |
|               |             SubqueryAlias: cs                                                                                                                                                                                                                                                                                                                                                                                                                                                                                                                                                                                                                                                                                                                                                                                    |
|               |               TableScan: catalog_sales projection=[cs_sold_date_sk, cs_item_sk, cs_order_number, cs_quantity, cs_net_paid, cs_net_profit]                                                                                                                                                                                                                                                                                                                                                                                                                                                                                                                                                                                                                                                                        |
|               |           SubqueryAlias: cr                                                                                                                                                                                                                                                                                                                                                                                                                                                                                                                                                                                                                                                                                                                                                                                      |
|               |             TableScan: catalog_returns projection=[cr_item_sk, cr_order_number, cr_return_quantity, cr_return_amount]                                                                                                                                                                                                                                                                                                                                                                                                                                                                                                                                                                                                                                                                                            |
|               |       TableScan: date_dim projection=[d_date_sk], full_filters=[date_dim.d_year = Int64(2000), date_dim.d_moy = Int64(12)]                                                                                                                                                                                                                                                                                                                                                                                                                                                                                                                                                                                                                                                                                       |
|               |       Projection: Utf8("store") AS channel, store.item, store.return_ratio, store.return_rank, store.currency_rank                                                                                                                                                                                                                                                                                                                                                                                                                                                                                                                                                                                                                                                                                               |
|               |         SubqueryAlias: store                                                                                                                                                                                                                                                                                                                                                                                                                                                                                                                                                                                                                                                                                                                                                                                     |
|               |           Projection: in_store.item, in_store.return_ratio, rank() ORDER BY [in_store.return_ratio ASC NULLS LAST] RANGE BETWEEN UNBOUNDED PRECEDING AND CURRENT ROW AS return_rank, rank() ORDER BY [in_store.currency_ratio ASC NULLS LAST] RANGE BETWEEN UNBOUNDED PRECEDING AND CURRENT ROW AS currency_rank                                                                                                                                                                                                                                                                                                                                                                                                                                                                                                 |
|               |             Filter: rank() ORDER BY [in_store.return_ratio ASC NULLS LAST] RANGE BETWEEN UNBOUNDED PRECEDING AND CURRENT ROW <= UInt64(10) OR rank() ORDER BY [in_store.currency_ratio ASC NULLS LAST] RANGE BETWEEN UNBOUNDED PRECEDING AND CURRENT ROW <= UInt64(10)                                                                                                                                                                                                                                                                                                                                                                                                                                                                                                                                           |
|               |               Projection: in_store.item, in_store.return_ratio, rank() ORDER BY [in_store.return_ratio ASC NULLS LAST] RANGE BETWEEN UNBOUNDED PRECEDING AND CURRENT ROW, rank() ORDER BY [in_store.currency_ratio ASC NULLS LAST] RANGE BETWEEN UNBOUNDED PRECEDING AND CURRENT ROW                                                                                                                                                                                                                                                                                                                                                                                                                                                                                                                             |
|               |                 WindowAggr: windowExpr=[[rank() ORDER BY [in_store.currency_ratio ASC NULLS LAST] RANGE BETWEEN UNBOUNDED PRECEDING AND CURRENT ROW]]                                                                                                                                                                                                                                                                                                                                                                                                                                                                                                                                                                                                                                                            |
|               |                   WindowAggr: windowExpr=[[rank() ORDER BY [in_store.return_ratio ASC NULLS LAST] RANGE BETWEEN UNBOUNDED PRECEDING AND CURRENT ROW]]                                                                                                                                                                                                                                                                                                                                                                                                                                                                                                                                                                                                                                                            |
|               |                     SubqueryAlias: in_store                                                                                                                                                                                                                                                                                                                                                                                                                                                                                                                                                                                                                                                                                                                                                                      |
|               |                       Projection: sts.ss_item_sk AS item, CAST(sum(coalesce(sr.sr_return_quantity,Int64(0))) AS Float32) / CAST(sum(coalesce(sts.ss_quantity,Int64(0))) AS Float32) AS return_ratio, CAST(sum(coalesce(sr.sr_return_amt,Int64(0))) AS Float32) / CAST(sum(coalesce(sts.ss_net_paid,Int64(0))) AS Float32) AS currency_ratio                                                                                                                                                                                                                                                                                                                                                                                                                                                                      |
|               |                         Federated                                                                                                                                                                                                                                                                                                                                                                                                                                                                                                                                                                                                                                                                                                                                                                                |
|               |  Projection: sts.ss_item_sk, sum(coalesce(sr.sr_return_quantity,Int64(0))), sum(coalesce(sts.ss_quantity,Int64(0))), sum(coalesce(sr.sr_return_amt,Int64(0))), sum(coalesce(sts.ss_net_paid,Int64(0)))                                                                                                                                                                                                                                                                                                                                                                                                                                                                                                                                                                                                           |
|               |   Aggregate: groupBy=[[sts.ss_item_sk]], aggr=[[sum(coalesce(sr.sr_return_quantity, Int64(0))), sum(coalesce(sts.ss_quantity, Int64(0))), sum(coalesce(sr.sr_return_amt, Int64(0))), sum(coalesce(sts.ss_net_paid, Int64(0)))]]                                                                                                                                                                                                                                                                                                                                                                                                                                                                                                                                                                                  |
|               |     Inner Join:  Filter: sts.ss_sold_date_sk = date_dim.d_date_sk                                                                                                                                                                                                                                                                                                                                                                                                                                                                                                                                                                                                                                                                                                                                                |
|               |       Filter: sr.sr_return_amt > Int64(10000)                                                                                                                                                                                                                                                                                                                                                                                                                                                                                                                                                                                                                                                                                                                                                                    |
|               |         Left Join:  Filter: sts.ss_ticket_number = sr.sr_ticket_number AND sts.ss_item_sk = sr.sr_item_sk                                                                                                                                                                                                                                                                                                                                                                                                                                                                                                                                                                                                                                                                                                        |
|               |           Filter: sts.ss_net_profit > Int64(1) AND sts.ss_net_paid > Int64(0) AND sts.ss_quantity > Int64(0)                                                                                                                                                                                                                                                                                                                                                                                                                                                                                                                                                                                                                                                                                                     |
|               |             SubqueryAlias: sts                                                                                                                                                                                                                                                                                                                                                                                                                                                                                                                                                                                                                                                                                                                                                                                   |
|               |               TableScan: store_sales projection=[ss_sold_date_sk, ss_item_sk, ss_ticket_number, ss_quantity, ss_net_paid, ss_net_profit]                                                                                                                                                                                                                                                                                                                                                                                                                                                                                                                                                                                                                                                                         |
|               |           SubqueryAlias: sr                                                                                                                                                                                                                                                                                                                                                                                                                                                                                                                                                                                                                                                                                                                                                                                      |
|               |             TableScan: store_returns projection=[sr_item_sk, sr_ticket_number, sr_return_quantity, sr_return_amt]                                                                                                                                                                                                                                                                                                                                                                                                                                                                                                                                                                                                                                                                                                |
|               |       TableScan: date_dim projection=[d_date_sk], full_filters=[date_dim.d_year = Int64(2000), date_dim.d_moy = Int64(12)]                                                                                                                                                                                                                                                                                                                                                                                                                                                                                                                                                                                                                                                                                       |
| physical_plan | SortPreservingMergeExec: [channel@0 ASC NULLS LAST, return_rank@3 ASC NULLS LAST, currency_rank@4 ASC NULLS LAST, item@1 ASC NULLS LAST], fetch=100                                                                                                                                                                                                                                                                                                                                                                                                                                                                                                                                                                                                                                                              |
|               |   SortExec: TopK(fetch=100), expr=[channel@0 ASC NULLS LAST, return_rank@3 ASC NULLS LAST, currency_rank@4 ASC NULLS LAST, item@1 ASC NULLS LAST], preserve_partitioning=[true]                                                                                                                                                                                                                                                                                                                                                                                                                                                                                                                                                                                                                                  |
|               |     AggregateExec: mode=FinalPartitioned, gby=[channel@0 as channel, item@1 as item, return_ratio@2 as return_ratio, return_rank@3 as return_rank, currency_rank@4 as currency_rank], aggr=[], ordering_mode=PartiallySorted([4])                                                                                                                                                                                                                                                                                                                                                                                                                                                                                                                                                                                |
|               |       RepartitionExec: partitioning=Hash([channel@0, item@1, return_ratio@2, return_rank@3, currency_rank@4], 32), input_partitions=96, preserve_order=true, sort_exprs=currency_rank@4 ASC NULLS LAST                                                                                                                                                                                                                                                                                                                                                                                                                                                                                                                                                                                                           |
|               |         AggregateExec: mode=Partial, gby=[channel@0 as channel, item@1 as item, return_ratio@2 as return_ratio, return_rank@3 as return_rank, currency_rank@4 as currency_rank], aggr=[], ordering_mode=PartiallySorted([0, 4])                                                                                                                                                                                                                                                                                                                                                                                                                                                                                                                                                                                  |
|               |           UnionExec                                                                                                                                                                                                                                                                                                                                                                                                                                                                                                                                                                                                                                                                                                                                                                                              |
|               |             ProjectionExec: expr=[web as channel, item@0 as item, return_ratio@1 as return_ratio, rank() ORDER BY [in_web.return_ratio ASC NULLS LAST] RANGE BETWEEN UNBOUNDED PRECEDING AND CURRENT ROW@2 as return_rank, rank() ORDER BY [in_web.currency_ratio ASC NULLS LAST] RANGE BETWEEN UNBOUNDED PRECEDING AND CURRENT ROW@3 as currency_rank]                                                                                                                                                                                                                                                                                                                                                                                                                                                          |
|               |               FilterExec: rank() ORDER BY [in_web.return_ratio ASC NULLS LAST] RANGE BETWEEN UNBOUNDED PRECEDING AND CURRENT ROW@2 <= 10 OR rank() ORDER BY [in_web.currency_ratio ASC NULLS LAST] RANGE BETWEEN UNBOUNDED PRECEDING AND CURRENT ROW@3 <= 10                                                                                                                                                                                                                                                                                                                                                                                                                                                                                                                                                     |
|               |                 RepartitionExec: partitioning=RoundRobinBatch(32), input_partitions=1, maintains_sort_order=true                                                                                                                                                                                                                                                                                                                                                                                                                                                                                                                                                                                                                                                                                                 |
|               |                   ProjectionExec: expr=[item@0 as item, return_ratio@1 as return_ratio, rank() ORDER BY [in_web.return_ratio ASC NULLS LAST] RANGE BETWEEN UNBOUNDED PRECEDING AND CURRENT ROW@3 as rank() ORDER BY [in_web.return_ratio ASC NULLS LAST] RANGE BETWEEN UNBOUNDED PRECEDING AND CURRENT ROW, rank() ORDER BY [in_web.currency_ratio ASC NULLS LAST] RANGE BETWEEN UNBOUNDED PRECEDING AND CURRENT ROW@4 as rank() ORDER BY [in_web.currency_ratio ASC NULLS LAST] RANGE BETWEEN UNBOUNDED PRECEDING AND CURRENT ROW]                                                                                                                                                                                                                                                                              |
|               |                     BoundedWindowAggExec: wdw=[rank() ORDER BY [in_web.currency_ratio ASC NULLS LAST] RANGE BETWEEN UNBOUNDED PRECEDING AND CURRENT ROW: Field { "rank() ORDER BY [in_web.currency_ratio ASC NULLS LAST] RANGE BETWEEN UNBOUNDED PRECEDING AND CURRENT ROW": UInt64 }, frame: RANGE BETWEEN UNBOUNDED PRECEDING AND CURRENT ROW], mode=[Sorted]                                                                                                                                                                                                                                                                                                                                                                                                                                                  |
|               |                       SortExec: expr=[currency_ratio@2 ASC NULLS LAST], preserve_partitioning=[false]                                                                                                                                                                                                                                                                                                                                                                                                                                                                                                                                                                                                                                                                                                            |
|               |                         BoundedWindowAggExec: wdw=[rank() ORDER BY [in_web.return_ratio ASC NULLS LAST] RANGE BETWEEN UNBOUNDED PRECEDING AND CURRENT ROW: Field { "rank() ORDER BY [in_web.return_ratio ASC NULLS LAST] RANGE BETWEEN UNBOUNDED PRECEDING AND CURRENT ROW": UInt64 }, frame: RANGE BETWEEN UNBOUNDED PRECEDING AND CURRENT ROW], mode=[Sorted]                                                                                                                                                                                                                                                                                                                                                                                                                                                  |
|               |                           SortPreservingMergeExec: [return_ratio@1 ASC NULLS LAST]                                                                                                                                                                                                                                                                                                                                                                                                                                                                                                                                                                                                                                                                                                                               |
|               |                             SortExec: expr=[return_ratio@1 ASC NULLS LAST], preserve_partitioning=[true]                                                                                                                                                                                                                                                                                                                                                                                                                                                                                                                                                                                                                                                                                                         |
|               |                               ProjectionExec: expr=[ws_item_sk@0 as item, CAST(sum(coalesce(wr.wr_return_quantity,Int64(0)))@1 AS Float32) / CAST(sum(coalesce(ws.ws_quantity,Int64(0)))@2 AS Float32) as return_ratio, CAST(sum(coalesce(wr.wr_return_amt,Int64(0)))@3 AS Float32) / CAST(sum(coalesce(ws.ws_net_paid,Int64(0)))@4 AS Float32) as currency_ratio]                                                                                                                                                                                                                                                                                                                                                                                                                                               |
|               |                                 RepartitionExec: partitioning=RoundRobinBatch(32), input_partitions=1                                                                                                                                                                                                                                                                                                                                                                                                                                                                                                                                                                                                                                                                                                            |
|               |                                   SchemaCastScanExec                                                                                                                                                                                                                                                                                                                                                                                                                                                                                                                                                                                                                                                                                                                                                             |
|               |                                     BytesProcessedExec                                                                                                                                                                                                                                                                                                                                                                                                                                                                                                                                                                                                                                                                                                                                                           |
|               |                                       VirtualExecutionPlan name=sqlite compute_context=//data/accelerated_sqlite.db base_sql=SELECT `ws`.`ws_item_sk`, sum(coalesce(`wr`.`wr_return_quantity`, 0)), sum(coalesce(`ws`.`ws_quantity`, 0)), sum(coalesce(`wr`.`wr_return_amt`, 0)), sum(coalesce(`ws`.`ws_net_paid`, 0)) FROM `web_sales` AS `ws` LEFT OUTER JOIN `web_returns` AS `wr` ON ((`ws`.`ws_order_number` = `wr`.`wr_order_number`) AND (`ws`.`ws_item_sk` = `wr`.`wr_item_sk`)) INNER JOIN `date_dim` ON (`ws`.`ws_sold_date_sk` = `date_dim`.`d_date_sk`) WHERE (`wr`.`wr_return_amt` > 10000) AND (((`ws`.`ws_net_profit` > 1) AND (`ws`.`ws_net_paid` > 0)) AND (`ws`.`ws_quantity` > 0)) AND (`date_dim`.`d_year` = 2000) AND (`date_dim`.`d_moy` = 12) GROUP BY `ws`.`ws_item_sk`                  |
|               |             ProjectionExec: expr=[catalog as channel, item@0 as item, return_ratio@1 as return_ratio, rank() ORDER BY [in_cat.return_ratio ASC NULLS LAST] RANGE BETWEEN UNBOUNDED PRECEDING AND CURRENT ROW@2 as return_rank, rank() ORDER BY [in_cat.currency_ratio ASC NULLS LAST] RANGE BETWEEN UNBOUNDED PRECEDING AND CURRENT ROW@3 as currency_rank]                                                                                                                                                                                                                                                                                                                                                                                                                                                      |
|               |               FilterExec: rank() ORDER BY [in_cat.return_ratio ASC NULLS LAST] RANGE BETWEEN UNBOUNDED PRECEDING AND CURRENT ROW@2 <= 10 OR rank() ORDER BY [in_cat.currency_ratio ASC NULLS LAST] RANGE BETWEEN UNBOUNDED PRECEDING AND CURRENT ROW@3 <= 10                                                                                                                                                                                                                                                                                                                                                                                                                                                                                                                                                     |
|               |                 RepartitionExec: partitioning=RoundRobinBatch(32), input_partitions=1, maintains_sort_order=true                                                                                                                                                                                                                                                                                                                                                                                                                                                                                                                                                                                                                                                                                                 |
|               |                   ProjectionExec: expr=[item@0 as item, return_ratio@1 as return_ratio, rank() ORDER BY [in_cat.return_ratio ASC NULLS LAST] RANGE BETWEEN UNBOUNDED PRECEDING AND CURRENT ROW@3 as rank() ORDER BY [in_cat.return_ratio ASC NULLS LAST] RANGE BETWEEN UNBOUNDED PRECEDING AND CURRENT ROW, rank() ORDER BY [in_cat.currency_ratio ASC NULLS LAST] RANGE BETWEEN UNBOUNDED PRECEDING AND CURRENT ROW@4 as rank() ORDER BY [in_cat.currency_ratio ASC NULLS LAST] RANGE BETWEEN UNBOUNDED PRECEDING AND CURRENT ROW]                                                                                                                                                                                                                                                                              |
|               |                     BoundedWindowAggExec: wdw=[rank() ORDER BY [in_cat.currency_ratio ASC NULLS LAST] RANGE BETWEEN UNBOUNDED PRECEDING AND CURRENT ROW: Field { "rank() ORDER BY [in_cat.currency_ratio ASC NULLS LAST] RANGE BETWEEN UNBOUNDED PRECEDING AND CURRENT ROW": UInt64 }, frame: RANGE BETWEEN UNBOUNDED PRECEDING AND CURRENT ROW], mode=[Sorted]                                                                                                                                                                                                                                                                                                                                                                                                                                                  |
|               |                       SortExec: expr=[currency_ratio@2 ASC NULLS LAST], preserve_partitioning=[false]                                                                                                                                                                                                                                                                                                                                                                                                                                                                                                                                                                                                                                                                                                            |
|               |                         BoundedWindowAggExec: wdw=[rank() ORDER BY [in_cat.return_ratio ASC NULLS LAST] RANGE BETWEEN UNBOUNDED PRECEDING AND CURRENT ROW: Field { "rank() ORDER BY [in_cat.return_ratio ASC NULLS LAST] RANGE BETWEEN UNBOUNDED PRECEDING AND CURRENT ROW": UInt64 }, frame: RANGE BETWEEN UNBOUNDED PRECEDING AND CURRENT ROW], mode=[Sorted]                                                                                                                                                                                                                                                                                                                                                                                                                                                  |
|               |                           SortPreservingMergeExec: [return_ratio@1 ASC NULLS LAST]                                                                                                                                                                                                                                                                                                                                                                                                                                                                                                                                                                                                                                                                                                                               |
|               |                             SortExec: expr=[return_ratio@1 ASC NULLS LAST], preserve_partitioning=[true]                                                                                                                                                                                                                                                                                                                                                                                                                                                                                                                                                                                                                                                                                                         |
|               |                               ProjectionExec: expr=[cs_item_sk@0 as item, CAST(sum(coalesce(cr.cr_return_quantity,Int64(0)))@1 AS Float32) / CAST(sum(coalesce(cs.cs_quantity,Int64(0)))@2 AS Float32) as return_ratio, CAST(sum(coalesce(cr.cr_return_amount,Int64(0)))@3 AS Float32) / CAST(sum(coalesce(cs.cs_net_paid,Int64(0)))@4 AS Float32) as currency_ratio]                                                                                                                                                                                                                                                                                                                                                                                                                                            |
|               |                                 RepartitionExec: partitioning=RoundRobinBatch(32), input_partitions=1                                                                                                                                                                                                                                                                                                                                                                                                                                                                                                                                                                                                                                                                                                            |
|               |                                   SchemaCastScanExec                                                                                                                                                                                                                                                                                                                                                                                                                                                                                                                                                                                                                                                                                                                                                             |
|               |                                     BytesProcessedExec                                                                                                                                                                                                                                                                                                                                                                                                                                                                                                                                                                                                                                                                                                                                                           |
|               |                                       VirtualExecutionPlan name=sqlite compute_context=//data/accelerated_sqlite.db base_sql=SELECT `cs`.`cs_item_sk`, sum(coalesce(`cr`.`cr_return_quantity`, 0)), sum(coalesce(`cs`.`cs_quantity`, 0)), sum(coalesce(`cr`.`cr_return_amount`, 0)), sum(coalesce(`cs`.`cs_net_paid`, 0)) FROM `catalog_sales` AS `cs` LEFT OUTER JOIN `catalog_returns` AS `cr` ON ((`cs`.`cs_order_number` = `cr`.`cr_order_number`) AND (`cs`.`cs_item_sk` = `cr`.`cr_item_sk`)) INNER JOIN `date_dim` ON (`cs`.`cs_sold_date_sk` = `date_dim`.`d_date_sk`) WHERE (`cr`.`cr_return_amount` > 10000) AND (((`cs`.`cs_net_profit` > 1) AND (`cs`.`cs_net_paid` > 0)) AND (`cs`.`cs_quantity` > 0)) AND (`date_dim`.`d_year` = 2000) AND (`date_dim`.`d_moy` = 12) GROUP BY `cs`.`cs_item_sk`    |
|               |             ProjectionExec: expr=[store as channel, item@0 as item, return_ratio@1 as return_ratio, rank() ORDER BY [in_store.return_ratio ASC NULLS LAST] RANGE BETWEEN UNBOUNDED PRECEDING AND CURRENT ROW@2 as return_rank, rank() ORDER BY [in_store.currency_ratio ASC NULLS LAST] RANGE BETWEEN UNBOUNDED PRECEDING AND CURRENT ROW@3 as currency_rank]                                                                                                                                                                                                                                                                                                                                                                                                                                                    |
|               |               FilterExec: rank() ORDER BY [in_store.return_ratio ASC NULLS LAST] RANGE BETWEEN UNBOUNDED PRECEDING AND CURRENT ROW@2 <= 10 OR rank() ORDER BY [in_store.currency_ratio ASC NULLS LAST] RANGE BETWEEN UNBOUNDED PRECEDING AND CURRENT ROW@3 <= 10                                                                                                                                                                                                                                                                                                                                                                                                                                                                                                                                                 |
|               |                 RepartitionExec: partitioning=RoundRobinBatch(32), input_partitions=1, maintains_sort_order=true                                                                                                                                                                                                                                                                                                                                                                                                                                                                                                                                                                                                                                                                                                 |
|               |                   ProjectionExec: expr=[item@0 as item, return_ratio@1 as return_ratio, rank() ORDER BY [in_store.return_ratio ASC NULLS LAST] RANGE BETWEEN UNBOUNDED PRECEDING AND CURRENT ROW@3 as rank() ORDER BY [in_store.return_ratio ASC NULLS LAST] RANGE BETWEEN UNBOUNDED PRECEDING AND CURRENT ROW, rank() ORDER BY [in_store.currency_ratio ASC NULLS LAST] RANGE BETWEEN UNBOUNDED PRECEDING AND CURRENT ROW@4 as rank() ORDER BY [in_store.currency_ratio ASC NULLS LAST] RANGE BETWEEN UNBOUNDED PRECEDING AND CURRENT ROW]                                                                                                                                                                                                                                                                      |
|               |                     BoundedWindowAggExec: wdw=[rank() ORDER BY [in_store.currency_ratio ASC NULLS LAST] RANGE BETWEEN UNBOUNDED PRECEDING AND CURRENT ROW: Field { "rank() ORDER BY [in_store.currency_ratio ASC NULLS LAST] RANGE BETWEEN UNBOUNDED PRECEDING AND CURRENT ROW": UInt64 }, frame: RANGE BETWEEN UNBOUNDED PRECEDING AND CURRENT ROW], mode=[Sorted]                                                                                                                                                                                                                                                                                                                                                                                                                                              |
|               |                       SortExec: expr=[currency_ratio@2 ASC NULLS LAST], preserve_partitioning=[false]                                                                                                                                                                                                                                                                                                                                                                                                                                                                                                                                                                                                                                                                                                            |
|               |                         BoundedWindowAggExec: wdw=[rank() ORDER BY [in_store.return_ratio ASC NULLS LAST] RANGE BETWEEN UNBOUNDED PRECEDING AND CURRENT ROW: Field { "rank() ORDER BY [in_store.return_ratio ASC NULLS LAST] RANGE BETWEEN UNBOUNDED PRECEDING AND CURRENT ROW": UInt64 }, frame: RANGE BETWEEN UNBOUNDED PRECEDING AND CURRENT ROW], mode=[Sorted]                                                                                                                                                                                                                                                                                                                                                                                                                                              |
|               |                           SortPreservingMergeExec: [return_ratio@1 ASC NULLS LAST]                                                                                                                                                                                                                                                                                                                                                                                                                                                                                                                                                                                                                                                                                                                               |
|               |                             SortExec: expr=[return_ratio@1 ASC NULLS LAST], preserve_partitioning=[true]                                                                                                                                                                                                                                                                                                                                                                                                                                                                                                                                                                                                                                                                                                         |
|               |                               ProjectionExec: expr=[ss_item_sk@0 as item, CAST(sum(coalesce(sr.sr_return_quantity,Int64(0)))@1 AS Float32) / CAST(sum(coalesce(sts.ss_quantity,Int64(0)))@2 AS Float32) as return_ratio, CAST(sum(coalesce(sr.sr_return_amt,Int64(0)))@3 AS Float32) / CAST(sum(coalesce(sts.ss_net_paid,Int64(0)))@4 AS Float32) as currency_ratio]                                                                                                                                                                                                                                                                                                                                                                                                                                             |
|               |                                 RepartitionExec: partitioning=RoundRobinBatch(32), input_partitions=1                                                                                                                                                                                                                                                                                                                                                                                                                                                                                                                                                                                                                                                                                                            |
|               |                                   SchemaCastScanExec                                                                                                                                                                                                                                                                                                                                                                                                                                                                                                                                                                                                                                                                                                                                                             |
|               |                                     BytesProcessedExec                                                                                                                                                                                                                                                                                                                                                                                                                                                                                                                                                                                                                                                                                                                                                           |
|               |                                       VirtualExecutionPlan name=sqlite compute_context=//data/accelerated_sqlite.db base_sql=SELECT `sts`.`ss_item_sk`, sum(coalesce(`sr`.`sr_return_quantity`, 0)), sum(coalesce(`sts`.`ss_quantity`, 0)), sum(coalesce(`sr`.`sr_return_amt`, 0)), sum(coalesce(`sts`.`ss_net_paid`, 0)) FROM `store_sales` AS `sts` LEFT OUTER JOIN `store_returns` AS `sr` ON ((`sts`.`ss_ticket_number` = `sr`.`sr_ticket_number`) AND (`sts`.`ss_item_sk` = `sr`.`sr_item_sk`)) INNER JOIN `date_dim` ON (`sts`.`ss_sold_date_sk` = `date_dim`.`d_date_sk`) WHERE (`sr`.`sr_return_amt` > 10000) AND (((`sts`.`ss_net_profit` > 1) AND (`sts`.`ss_net_paid` > 0)) AND (`sts`.`ss_quantity` > 0)) AND (`date_dim`.`d_year` = 2000) AND (`date_dim`.`d_moy` = 12) GROUP BY `sts`.`ss_item_sk` |
|               |                                                                                                                                                                                                                                                                                                                                                                                                                                                                                                                                                                                                                                                                                                                                                                                                                  |
+---------------+------------------------------------------------------------------------------------------------------------------------------------------------------------------------------------------------------------------------------------------------------------------------------------------------------------------------------------------------------------------------------------------------------------------------------------------------------------------------------------------------------------------------------------------------------------------------------------------------------------------------------------------------------------------------------------------------------------------------------------------------------------------------------------------------------------------+
