---
source: crates/test-framework/src/snapshot/mod.rs
description: "Query: tpch_simple_q7"
---
+---------------+-------------------------------------------------------------------------------------------------------------------------------------------------------------------------------------------------------------------------------------------------------------------------------------------------------+
| plan_type     | plan                                                                                                                                                                                                                                                                                                  |
+---------------+-------------------------------------------------------------------------------------------------------------------------------------------------------------------------------------------------------------------------------------------------------------------------------------------------------+
| logical_plan  | SubqueryAlias: c                                                                                                                                                                                                                                                                                      |
|               |   Projection: orders.o_orderkey AS key                                                                                                                                                                                                                                                                |
|               |     Limit: skip=0, fetch=10                                                                                                                                                                                                                                                                           |
|               |       TableScan: orders projection=[o_orderkey], fetch=10                                                                                                                                                                                                                                             |
| physical_plan | ProjectionExec: expr=[o_orderkey@0 as key], statistics=[Rows=Inexact(10), Bytes=Inexact(80), [(Col[0]: Min=Inexact(Int64(24723333)) Max=Inexact(Int64(594225927)) Null=Inexact(0) Distinct=Inexact(147947498) ScanBytes=Inexact(80))]]                                                                |
|               |   SchemaCastScanExec, statistics=[Rows=Inexact(10), Bytes=Inexact(80), [(Col[0]: Min=Inexact(Int64(24723333)) Max=Inexact(Int64(594225927)) Null=Inexact(0) Distinct=Inexact(147947498) ScanBytes=Inexact(80))]]                                                                                      |
|               |     CayenneAccelerationExec: snapshots_scanned=1, files_scanned=16, statistics=[Rows=Inexact(10), Bytes=Inexact(80), [(Col[0]: Min=Inexact(Int64(24723333)) Max=Inexact(Int64(594225927)) Null=Inexact(0) Distinct=Inexact(147947498) ScanBytes=Inexact(80))]]                                        |
|               |       CoalescePartitionsExec: fetch=10, statistics=[Rows=Inexact(10), Bytes=Inexact(80), [(Col[0]: Min=Inexact(Int64(24723333)) Max=Inexact(Int64(594225927)) Null=Inexact(0) ScanBytes=Inexact(80))]]                                                                                                |
|               |         BytesProcessedExec, statistics=[Rows=Inexact(7471998), Bytes=Inexact(59775984), [(Col[0]: Min=Inexact(Int64(24723333)) Max=Inexact(Int64(594225927)) Null=Inexact(0) ScanBytes=Inexact(59775984))]]                                                                                           |
|               |           DataSourceExec: file_groups={16 groups: [<redacted>]}, projection=[o_orderkey], limit=10, file_type=vortex, statistics=[Rows=Inexact(7471998), Bytes=Inexact(59775984), [(Col[0]: Min=Inexact(Int64(24723333)) Max=Inexact(Int64(594225927)) Null=Inexact(0) ScanBytes=Inexact(59775984))]] |
|               |                                                                                                                                                                                                                                                                                                       |
+---------------+-------------------------------------------------------------------------------------------------------------------------------------------------------------------------------------------------------------------------------------------------------------------------------------------------------+
